******************************************************************************
                  TI ARM Linker PC v15.12.1                    
******************************************************************************
>> Linked Sat Jan 21 21:35:17 2017

OUTPUT FILE NAME:   <ETPWM_ADC.out>
ENTRY POINT SYMBOL: "_c_int00"  address: 00005e0c


MEMORY CONFIGURATION

         name            origin    length      used     unused   attr    fill
----------------------  --------  ---------  --------  --------  ----  --------
  VECTORS               00000000   00000020  00000020  00000000     X
  FLASH0                00000020   001fffe0  00006614  001f99cc  R  X
  FLASH1                00200000   00200000  00000000  00200000  R  X
  STACKS                08000000   00001500  00000000  00001500  RW  
  RAM                   08001500   0007eb00  00000014  0007eaec  RW  


SEGMENT ALLOCATION MAP

run origin  load origin   length   init length attrs members
----------  ----------- ---------- ----------- ----- -------
00000000    00000000    00006610   00006610    r-x
  00000000    00000000    00000020   00000020    r-x .intvecs
  00000020    00000020    000063c0   000063c0    r-x .text
  000063e0    000063e0    00000230   00000230    r-- .const
00006620    00006620    00000024   00000024    r--
  00006620    00006620    00000024   00000024    r-- .cinit
08001500    08001500    00000014   00000000    rw-
  08001500    08001500    00000014   00000000    rw- .data


SECTION ALLOCATION MAP

 output                                  attributes/
section   page    origin      length       input sections
--------  ----  ----------  ----------   ----------------
.intvecs   0    00000000    00000020     
                  00000000    00000020     HL_sys_intvecs.obj (.intvecs)

.text      0    00000020    000063c0     
                  00000020    00002174     HL_etpwm.obj (.text)
                  00002194    00000af4     HL_adc.obj (.text)
                  00002c88    000009c4     HL_pinmux.obj (.text)
                  0000364c    0000095c     HL_system.obj (.text)
                  00003fa8    00000938     HL_sys_vim.obj (.text)
                  000048e0    000007c4     HL_esm.obj (.text)
                  000050a4    000003b8     HL_sys_core.obj (.text)
                  0000545c    0000036c     HL_sys_mpu.obj (.text)
                  000057c8    0000034c     HL_sys_vim.obj (.text:retain)
                  00005b14    00000180     rtsv7R4_A_be_v3D16_eabi.lib : memcpy32.obj (.text)
                  00005c94    00000178     HL_esm.obj (.text:retain)
                  00005e0c    000000b4     HL_sys_startup.obj (.text:retain)
                  00005ec0    000000b0     rtsv7R4_A_be_v3D16_eabi.lib : memset32.obj (.text)
                  00005f70    000000a8                                 : autoinit.obj (.text)
                  00006018    0000009c                                 : copy_decompress_rle.obj (.text)
                  000060b4    00000098     HL_notification.obj (.text)
                  0000614c    00000090     rtsv7R4_A_be_v3D16_eabi.lib : exit.obj (.text)
                  000061dc    0000008c     HL_sys_main.obj (.text)
                  00006268    00000084     rtsv7R4_A_be_v3D16_eabi.lib : cpy_tbl.obj (.text)
                  000062ec    00000054     HL_adc.obj (.text:retain)
                  00006340    00000054     rtsv7R4_A_be_v3D16_eabi.lib : i_div32.obj (.text)
                  00006394    00000024                                 : _lock.obj (.text)
                  000063b8    00000014                                 : copy_decompress_none.obj (.text:decompress:none)
                  000063cc    00000008                                 : copy_decompress_rle.obj (.text:decompress:rle24)
                  000063d4    00000004     HL_sys_phantom.obj (.text:retain)
                  000063d8    00000004     rtsv7R4_A_be_v3D16_eabi.lib : i_div0.obj (.text)
                  000063dc    00000004                                 : startup.obj (.text)

.const     0    000063e0    00000230     
                  000063e0    00000200     HL_sys_vim.obj (.const:s_vim_init)
                  000065e0    00000018     HL_adc.obj (.const:s_adcFiFoSize)
                  000065f8    00000018     HL_adc.obj (.const:s_adcSelect)

.cinit     0    00006620    00000024     
                  00006620    00000012     (.cinit..data.load) [load image, compression = rle]
                  00006632    00000002     --HOLE-- [fill = 0]
                  00006634    00000008     (__TI_handler_table)
                  0000663c    00000008     (__TI_cinit_table)

.data      0    08001500    00000014     UNINITIALIZED
                  08001500    0000000c     rtsv7R4_A_be_v3D16_eabi.lib : exit.obj (.data:$O1$$)
                  0800150c    00000008                                 : _lock.obj (.data:$O1$$)

MODULE SUMMARY

       Module                     code    ro data   rw data
       ------                     ----    -------   -------
    .\source\
       HL_etpwm.obj               8564    0         0      
       HL_sys_vim.obj             3204    512       0      
       HL_adc.obj                 2888    48        0      
       HL_pinmux.obj              2500    0         0      
       HL_system.obj              2396    0         0      
       HL_esm.obj                 2364    0         0      
       HL_sys_core.obj            952     0         0      
       HL_sys_mpu.obj             876     0         0      
       HL_sys_startup.obj         180     0         0      
       HL_notification.obj        152     0         0      
       HL_sys_main.obj            140     0         0      
       HL_sys_intvecs.obj         32      0         0      
       HL_sys_phantom.obj         4       0         0      
    +--+--------------------------+-------+---------+---------+
       Total:                     24252   560       0      
                                                           
    C:\ti\ccsv6\tools\compiler\ti-cgt-arm_15.12.1.LTS\lib\rtsv7R4_A_be_v3D16_eabi.lib
       memcpy32.obj               384     0         0      
       memset32.obj               176     0         0      
       autoinit.obj               168     0         0      
       copy_decompress_rle.obj    164     0         0      
       exit.obj                   144     0         12     
       cpy_tbl.obj                132     0         0      
       i_div32.obj                84      0         0      
       _lock.obj                  36      0         8      
       copy_decompress_none.obj   20      0         0      
       i_div0.obj                 4       0         0      
       startup.obj                4       0         0      
    +--+--------------------------+-------+---------+---------+
       Total:                     1316    0         20     
                                                           
       Linker Generated:          0       34        0      
    +--+--------------------------+-------+---------+---------+
       Grand Total:               25568   594       20     


LINKER GENERATED COPY TABLES

__TI_cinit_table @ 0000663c records: 1, size/record: 8, table size: 8
	.data: load addr=00006620, load size=00000012 bytes, run addr=08001500, run size=00000014 bytes, compression=rle


LINKER GENERATED HANDLER TABLE

__TI_handler_table @ 00006634 records: 2, size/record: 4, table size: 8
	index: 0, handler: __TI_decompress_rle24
	index: 1, handler: __TI_decompress_none


GLOBAL SYMBOLS: SORTED ALPHABETICALLY BY Name 

address   name                                
-------   ----                                
0000614c  C$$EXIT                             
UNDEFED   SHT$$INIT_ARRAY$$Base               
UNDEFED   SHT$$INIT_ARRAY$$Limit              
0000663c  __TI_CINIT_Base                     
00006644  __TI_CINIT_Limit                    
00006634  __TI_Handler_Table_Base             
0000663c  __TI_Handler_Table_Limit            
00005454  __TI_PINIT_Base                     
00005458  __TI_PINIT_Limit                    
00005f70  __TI_auto_init                      
08001500  __TI_cleanup_ptr                    
000063b8  __TI_decompress_none                
000063cc  __TI_decompress_rle24               
08001504  __TI_dtors_ptr                      
08001508  __TI_enable_exit_profile_output     
ffffffff  __TI_pprof_out_hndl                 
ffffffff  __TI_prof_data_size                 
ffffffff  __TI_prof_data_start                
00000000  __TI_static_base__                  
00006340  __aeabi_idiv                        
000063d8  __aeabi_idiv0                       
00006340  __aeabi_idivmod                     
00005ec0  __aeabi_memclr                      
00005ec0  __aeabi_memclr4                     
00005ec0  __aeabi_memclr8                     
00005b14  __aeabi_memcpy                      
00005b14  __aeabi_memcpy4                     
00005b14  __aeabi_memcpy8                     
00005ec4  __aeabi_memset                      
00005ec4  __aeabi_memset4                     
00005ec4  __aeabi_memset8                     
ffffffff  __binit__                           
ffffffff  __c_args__                          
00005e0c  _c_int00                            
00005408  _cacheDisable_                      
000053d0  _cacheEnable_                       
000053b0  _checkMemInitOn_                    
000052bc  _coreClearAuxiliaryDataFault_       
000052d0  _coreClearAuxiliaryInstructionFault_
00005294  _coreClearDataFaultAddress_         
0000526c  _coreClearDataFault_                
000052a8  _coreClearInstructionFaultAddress_  
00005280  _coreClearInstructionFault_         
00005244  _coreDisableEventBusExport_         
00005234  _coreEnableEventBusExport_          
00005254  _coreEnableIrqVicOffset_            
0000521c  _coreEnableVfp_                     
000052b4  _coreGetAuxiliaryDataFault_         
000052c8  _coreGetAuxiliaryInstructionFault_  
0000528c  _coreGetDataFaultAddress_           
00005264  _coreGetDataFault_                  
000052a0  _coreGetInstructionFaultAddress_    
00005278  _coreGetInstructionFault_           
000050a4  _coreInitRegisters_                 
000051b0  _coreInitStackPointer_              
0000542c  _dCacheInvalidate_                  
000052dc  _disable_IRQ_interrupt_             
000052e4  _enable_IRQ_interrupt_              
000052ec  _enable_interrupt_                  
000052f4  _esmCcmErrorsClear_                 
000051fc  _getCPSRValue_                      
00005204  _gotoCPUIdle_                       
00005440  _iCacheInvalidate_                  
0800150c  _lock                               
0000537c  _memInit_                           
00005770  _mpuAreRegionsSeparate_             
00005754  _mpuDisableBackgroundRegion_        
0000572c  _mpuDisable_                        
00005744  _mpuEnableBackgroundRegion_         
00005714  _mpuEnable_                         
00005764  _mpuGetNumberOfRegions_             
00005794  _mpuGetRegionBaseAddress_           
000057b4  _mpuGetRegionPermission_            
000057a8  _mpuGetRegionType_                  
00005784  _mpuGetRegion_                      
0000545c  _mpuInit_                           
0000578c  _mpuSetRegionBaseAddress_           
000057c0  _mpuSetRegionSizeRegister_          
0000579c  _mpuSetRegionTypeAndPermission_     
0000577c  _mpuSetRegion_                      
000063ac  _nop                                
000063a0  _register_lock                      
00006394  _register_unlock                    
000063dc  _system_post_cinit                  
08001510  _unlock                             
00006154  abort                               
00002a18  adc1GetConfigValue                  
000062ec  adc1Group0Interrupt                 
000025ec  adcCalibration                      
000029b8  adcDisableNotification              
00002968  adcEnableNotification               
000023c4  adcGetData                          
00002a00  adcGetEVTPin                        
00002194  adcInit                             
000025bc  adcIsConversionComplete             
0000258c  adcIsFifoFull                       
000027c8  adcMidPointCalibration              
00006208  adcNotification                     
0000239c  adcResetFiFo                        
000029e0  adcSetEVTPin                        
000022f0  adcStartConversion                  
00002374  adcStopConversion                   
ffffffff  binit                               
00006268  copy_in                             
000060ec  dmaGroupANotification               
00006138  epcCAMFullNotification              
0000613c  epcFIFOFullNotification             
00004af8  esmActivateNormalOperation          
00004c54  esmClearStatus                      
00004cc8  esmClearStatusBuffer                
00004ca0  esmClearStatusUpper                 
00004aa0  esmDisableError                     
00004acc  esmDisableErrorUpper                
00004b50  esmDisableInterrupt                 
00004b7c  esmDisableInterruptUpper            
00004a58  esmEnableError                      
00004a84  esmEnableErrorUpper                 
00004b08  esmEnableInterrupt                  
00004b34  esmEnableInterruptUpper             
00004e08  esmEnterSelfTest                    
00004a3c  esmError                            
00004ee0  esmGetConfigValue                   
00004d04  esmGetStatus                        
00004de0  esmGetStatusBuffer                  
00004d90  esmGetStatusUpper                   
000060b4  esmGroup1Notification               
000060c8  esmGroup2Notification               
000060dc  esmGroup3Notification               
00005c94  esmHighInterrupt                    
000048e0  esmInit                             
00004e90  esmSelfTestStatus                   
00004ce4  esmSetCounterPreloadValue           
00004b98  esmSetInterruptLevel                
00004c14  esmSetInterruptLevelUpper           
00004ae8  esmTriggerErrorPinReset             
00000aac  etpwm1GetConfigValue                
00000da8  etpwm2GetConfigValue                
000010b8  etpwm3GetConfigValue                
00001398  etpwm4GetConfigValue                
00001678  etpwm5GetConfigValue                
00001960  etpwm6GetConfigValue                
00001c7c  etpwm7GetConfigValue                
000009e0  etpwmClearEventFlag                 
000007b0  etpwmClearTripCondition             
000007d0  etpwmClearTripInterruptFlag         
00000674  etpwmDisableChopping                
00000440  etpwmDisableCmpAShadowMode          
000004a0  etpwmDisableCmpBShadowMode          
000002d0  etpwmDisableCounterLoadOnSync       
000005f4  etpwmDisableDeadband                
000009a4  etpwmDisableInterrupt               
00000880  etpwmDisableSOCA                    
00000918  etpwmDisableSOCB                    
0000023c  etpwmDisableTimebasePeriodShadowMode
00000780  etpwmDisableTripInterrupt           
000006b8  etpwmDisableTripZoneSources         
00000640  etpwmEnableChopping                 
00000404  etpwmEnableCmpAShadowMode           
00000460  etpwmEnableCmpBShadowMode           
00000280  etpwmEnableCounterLoadOnSync        
000005a0  etpwmEnableDeadBand                 
00000a20  etpwmEnableDigitalCompareEvents     
00000938  etpwmEnableInterrupt                
0000080c  etpwmEnableSOCA                     
000008a4  etpwmEnableSOCB                     
0000025c  etpwmEnableTimebasePeriodShadowMode 
00000758  etpwmEnableTripInterrupt            
00000690  etpwmEnableTripZoneSources          
000007ec  etpwmForceTripEvent                 
000009c8  etpwmGetEventStatus                 
00000020  etpwmInit                           
00006114  etpwmNotification                   
000004c0  etpwmSetActionQualPwmA              
00000530  etpwmSetActionQualPwmB              
000001b4  etpwmSetClkDiv                      
000003c4  etpwmSetCmpA                        
000003e4  etpwmSetCmpB                        
0000021c  etpwmSetCount                       
00000330  etpwmSetCounterMode                 
00000610  etpwmSetDeadBandDelay               
0000038c  etpwmSetRunMode                     
000002f4  etpwmSetSyncOut                     
000001fc  etpwmSetTimebasePeriod              
000006e8  etpwmSetTripAction                  
00000120  etpwmStartTBCLK                     
0000016c  etpwmStopTBCLK                      
00000a00  etpwmTriggerEvent                   
0000036c  etpwmTriggerSWSync                  
00006124  etpwmTripNotification               
00006160  exit                                
000039b8  getResetSource                      
000061dc  main                                
000037e8  mapClocks                           
00005b14  memcpy                              
00005ed0  memset                              
00002c88  muxInit                             
00003734  periphInit                          
000063d4  phantomInterrupt                    
00000000  resetEntry                          
000036f4  setupFlash                          
0000364c  setupPLL                            
00003ae0  systemGetConfigValue                
00003914  systemInit                          
00003988  systemPowerDown                     
000036ac  trimLPO                             
0000407c  vimChannelMap                       
000042e8  vimDisableInterrupt                 
000057c8  vimECCErrorHandler                  
00004120  vimEnableInterrupt                  
00004394  vimGetConfigValue                   
00003fa8  vimInit                             


GLOBAL SYMBOLS: SORTED BY Symbol Address 

address   name                                
-------   ----                                
00000000  __TI_static_base__                  
00000000  resetEntry                          
00000020  etpwmInit                           
00000120  etpwmStartTBCLK                     
0000016c  etpwmStopTBCLK                      
000001b4  etpwmSetClkDiv                      
000001fc  etpwmSetTimebasePeriod              
0000021c  etpwmSetCount                       
0000023c  etpwmDisableTimebasePeriodShadowMode
0000025c  etpwmEnableTimebasePeriodShadowMode 
00000280  etpwmEnableCounterLoadOnSync        
000002d0  etpwmDisableCounterLoadOnSync       
000002f4  etpwmSetSyncOut                     
00000330  etpwmSetCounterMode                 
0000036c  etpwmTriggerSWSync                  
0000038c  etpwmSetRunMode                     
000003c4  etpwmSetCmpA                        
000003e4  etpwmSetCmpB                        
00000404  etpwmEnableCmpAShadowMode           
00000440  etpwmDisableCmpAShadowMode          
00000460  etpwmEnableCmpBShadowMode           
000004a0  etpwmDisableCmpBShadowMode          
000004c0  etpwmSetActionQualPwmA              
00000530  etpwmSetActionQualPwmB              
000005a0  etpwmEnableDeadBand                 
000005f4  etpwmDisableDeadband                
00000610  etpwmSetDeadBandDelay               
00000640  etpwmEnableChopping                 
00000674  etpwmDisableChopping                
00000690  etpwmEnableTripZoneSources          
000006b8  etpwmDisableTripZoneSources         
000006e8  etpwmSetTripAction                  
00000758  etpwmEnableTripInterrupt            
00000780  etpwmDisableTripInterrupt           
000007b0  etpwmClearTripCondition             
000007d0  etpwmClearTripInterruptFlag         
000007ec  etpwmForceTripEvent                 
0000080c  etpwmEnableSOCA                     
00000880  etpwmDisableSOCA                    
000008a4  etpwmEnableSOCB                     
00000918  etpwmDisableSOCB                    
00000938  etpwmEnableInterrupt                
000009a4  etpwmDisableInterrupt               
000009c8  etpwmGetEventStatus                 
000009e0  etpwmClearEventFlag                 
00000a00  etpwmTriggerEvent                   
00000a20  etpwmEnableDigitalCompareEvents     
00000aac  etpwm1GetConfigValue                
00000da8  etpwm2GetConfigValue                
000010b8  etpwm3GetConfigValue                
00001398  etpwm4GetConfigValue                
00001678  etpwm5GetConfigValue                
00001960  etpwm6GetConfigValue                
00001c7c  etpwm7GetConfigValue                
00002194  adcInit                             
000022f0  adcStartConversion                  
00002374  adcStopConversion                   
0000239c  adcResetFiFo                        
000023c4  adcGetData                          
0000258c  adcIsFifoFull                       
000025bc  adcIsConversionComplete             
000025ec  adcCalibration                      
000027c8  adcMidPointCalibration              
00002968  adcEnableNotification               
000029b8  adcDisableNotification              
000029e0  adcSetEVTPin                        
00002a00  adcGetEVTPin                        
00002a18  adc1GetConfigValue                  
00002c88  muxInit                             
0000364c  setupPLL                            
000036ac  trimLPO                             
000036f4  setupFlash                          
00003734  periphInit                          
000037e8  mapClocks                           
00003914  systemInit                          
00003988  systemPowerDown                     
000039b8  getResetSource                      
00003ae0  systemGetConfigValue                
00003fa8  vimInit                             
0000407c  vimChannelMap                       
00004120  vimEnableInterrupt                  
000042e8  vimDisableInterrupt                 
00004394  vimGetConfigValue                   
000048e0  esmInit                             
00004a3c  esmError                            
00004a58  esmEnableError                      
00004a84  esmEnableErrorUpper                 
00004aa0  esmDisableError                     
00004acc  esmDisableErrorUpper                
00004ae8  esmTriggerErrorPinReset             
00004af8  esmActivateNormalOperation          
00004b08  esmEnableInterrupt                  
00004b34  esmEnableInterruptUpper             
00004b50  esmDisableInterrupt                 
00004b7c  esmDisableInterruptUpper            
00004b98  esmSetInterruptLevel                
00004c14  esmSetInterruptLevelUpper           
00004c54  esmClearStatus                      
00004ca0  esmClearStatusUpper                 
00004cc8  esmClearStatusBuffer                
00004ce4  esmSetCounterPreloadValue           
00004d04  esmGetStatus                        
00004d90  esmGetStatusUpper                   
00004de0  esmGetStatusBuffer                  
00004e08  esmEnterSelfTest                    
00004e90  esmSelfTestStatus                   
00004ee0  esmGetConfigValue                   
000050a4  _coreInitRegisters_                 
000051b0  _coreInitStackPointer_              
000051fc  _getCPSRValue_                      
00005204  _gotoCPUIdle_                       
0000521c  _coreEnableVfp_                     
00005234  _coreEnableEventBusExport_          
00005244  _coreDisableEventBusExport_         
00005254  _coreEnableIrqVicOffset_            
00005264  _coreGetDataFault_                  
0000526c  _coreClearDataFault_                
00005278  _coreGetInstructionFault_           
00005280  _coreClearInstructionFault_         
0000528c  _coreGetDataFaultAddress_           
00005294  _coreClearDataFaultAddress_         
000052a0  _coreGetInstructionFaultAddress_    
000052a8  _coreClearInstructionFaultAddress_  
000052b4  _coreGetAuxiliaryDataFault_         
000052bc  _coreClearAuxiliaryDataFault_       
000052c8  _coreGetAuxiliaryInstructionFault_  
000052d0  _coreClearAuxiliaryInstructionFault_
000052dc  _disable_IRQ_interrupt_             
000052e4  _enable_IRQ_interrupt_              
000052ec  _enable_interrupt_                  
000052f4  _esmCcmErrorsClear_                 
0000537c  _memInit_                           
000053b0  _checkMemInitOn_                    
000053d0  _cacheEnable_                       
00005408  _cacheDisable_                      
0000542c  _dCacheInvalidate_                  
00005440  _iCacheInvalidate_                  
00005454  __TI_PINIT_Base                     
00005458  __TI_PINIT_Limit                    
0000545c  _mpuInit_                           
00005714  _mpuEnable_                         
0000572c  _mpuDisable_                        
00005744  _mpuEnableBackgroundRegion_         
00005754  _mpuDisableBackgroundRegion_        
00005764  _mpuGetNumberOfRegions_             
00005770  _mpuAreRegionsSeparate_             
0000577c  _mpuSetRegion_                      
00005784  _mpuGetRegion_                      
0000578c  _mpuSetRegionBaseAddress_           
00005794  _mpuGetRegionBaseAddress_           
0000579c  _mpuSetRegionTypeAndPermission_     
000057a8  _mpuGetRegionType_                  
000057b4  _mpuGetRegionPermission_            
000057c0  _mpuSetRegionSizeRegister_          
000057c8  vimECCErrorHandler                  
00005b14  __aeabi_memcpy                      
00005b14  __aeabi_memcpy4                     
00005b14  __aeabi_memcpy8                     
00005b14  memcpy                              
00005c94  esmHighInterrupt                    
00005e0c  _c_int00                            
00005ec0  __aeabi_memclr                      
00005ec0  __aeabi_memclr4                     
00005ec0  __aeabi_memclr8                     
00005ec4  __aeabi_memset                      
00005ec4  __aeabi_memset4                     
00005ec4  __aeabi_memset8                     
00005ed0  memset                              
00005f70  __TI_auto_init                      
000060b4  esmGroup1Notification               
000060c8  esmGroup2Notification               
000060dc  esmGroup3Notification               
000060ec  dmaGroupANotification               
00006114  etpwmNotification                   
00006124  etpwmTripNotification               
00006138  epcCAMFullNotification              
0000613c  epcFIFOFullNotification             
0000614c  C$$EXIT                             
00006154  abort                               
00006160  exit                                
000061dc  main                                
00006208  adcNotification                     
00006268  copy_in                             
000062ec  adc1Group0Interrupt                 
00006340  __aeabi_idiv                        
00006340  __aeabi_idivmod                     
00006394  _register_unlock                    
000063a0  _register_lock                      
000063ac  _nop                                
000063b8  __TI_decompress_none                
000063cc  __TI_decompress_rle24               
000063d4  phantomInterrupt                    
000063d8  __aeabi_idiv0                       
000063dc  _system_post_cinit                  
00006634  __TI_Handler_Table_Base             
0000663c  __TI_CINIT_Base                     
0000663c  __TI_Handler_Table_Limit            
00006644  __TI_CINIT_Limit                    
08001500  __TI_cleanup_ptr                    
08001504  __TI_dtors_ptr                      
08001508  __TI_enable_exit_profile_output     
0800150c  _lock                               
08001510  _unlock                             
ffffffff  __TI_pprof_out_hndl                 
ffffffff  __TI_prof_data_size                 
ffffffff  __TI_prof_data_start                
ffffffff  __binit__                           
ffffffff  __c_args__                          
ffffffff  binit                               
UNDEFED   SHT$$INIT_ARRAY$$Base               
UNDEFED   SHT$$INIT_ARRAY$$Limit              

[211 symbols]
