******************************************************************************
                  TI ARM Linker PC v15.12.1                    
******************************************************************************
>> Linked Sat Jan 21 20:12:47 2017

OUTPUT FILE NAME:   <ADC_POT_UART.out>
ENTRY POINT SYMBOL: "_c_int00"  address: 00004640


MEMORY CONFIGURATION

         name            origin    length      used     unused   attr    fill
----------------------  --------  ---------  --------  --------  ----  --------
  VECTORS               00000000   00000020  00000020  00000000     X
  FLASH0                00000020   001fffe0  00004ea0  001fb140  R  X
  FLASH1                00200000   00200000  00000000  00200000  R  X
  STACKS                08000000   00001500  00000000  00001500  RW  
  RAM                   08001500   0007eb00  0000006c  0007ea94  RW  


SEGMENT ALLOCATION MAP

run origin  load origin   length   init length attrs members
----------  ----------- ---------- ----------- ----- -------
00000000    00000000    00004c54   00004c54    r-x
  00000000    00000000    00000020   00000020    r-x .intvecs
  00000020    00000020    00004c34   00004c34    r-x .text
00004c60    00004c60    00000230   00000230    r--
  00004c60    00004c60    00000230   00000230    r-- .const
00004ea0    00004ea0    0000003c   0000003c    r--
  00004ea0    00004ea0    0000003c   0000003c    r-- .cinit
08001500    08001500    0000006c   00000000    rw-
  08001500    08001500    00000058   00000000    rw- .bss
  08001558    08001558    00000014   00000000    rw- .data


SECTION ALLOCATION MAP

 output                                  attributes/
section   page    origin      length       input sections
--------  ----  ----------  ----------   ----------------
.intvecs   0    00000000    00000020     
                  00000000    00000020     HL_sys_intvecs.obj (.intvecs)

.text      0    00000020    00004c34     
                  00000020    00000af4     HL_adc.obj (.text)
                  00000b14    000009c0     HL_pinmux.obj (.text)
                  000014d4    0000095c     HL_system.obj (.text)
                  00001e30    00000938     HL_sys_vim.obj (.text)
                  00002768    00000870     HL_sci.obj (.text)
                  00002fd8    000007c4     HL_esm.obj (.text)
                  0000379c    000003b8     HL_sys_core.obj (.text)
                  00003b54    0000036c     HL_sys_mpu.obj (.text)
                  00003ec0    0000034c     HL_sys_vim.obj (.text:retain)
                  0000420c    00000180     rtsv7R4_A_be_v3D16_eabi.lib : memcpy32.obj (.text)
                  0000438c    00000178     HL_esm.obj (.text:retain)
                  00004504    0000013c     rtsv7R4_A_be_v3D16_eabi.lib : s_floor.obj (.text)
                  00004640    000000b4     HL_sys_startup.obj (.text:retain)
                  000046f4    000000b0     HL_sys_main.obj (.text)
                  000047a4    000000b0     rtsv7R4_A_be_v3D16_eabi.lib : memset32.obj (.text)
                  00004854    000000a8                                 : autoinit.obj (.text)
                  000048fc    0000009c                                 : copy_decompress_rle.obj (.text)
                  00004998    00000090                                 : exit.obj (.text)
                  00004a28    00000088     HL_notification.obj (.text)
                  00004ab0    00000084     rtsv7R4_A_be_v3D16_eabi.lib : cpy_tbl.obj (.text)
                  00004b34    00000080                                 : ltoa.obj (.text)
                  00004bb4    00000054                                 : i_div32.obj (.text)
                  00004c08    00000024                                 : _lock.obj (.text)
                  00004c2c    00000014                                 : copy_decompress_none.obj (.text:decompress:none)
                  00004c40    00000008                                 : copy_decompress_rle.obj (.text:decompress:rle24)
                  00004c48    00000004     HL_sys_phantom.obj (.text:retain)
                  00004c4c    00000004     rtsv7R4_A_be_v3D16_eabi.lib : i_div0.obj (.text)
                  00004c50    00000004                                 : startup.obj (.text)

.const     0    00004c60    00000230     
                  00004c60    00000200     HL_sys_vim.obj (.const:s_vim_init)
                  00004e60    00000018     HL_adc.obj (.const:s_adcFiFoSize)
                  00004e78    00000018     HL_adc.obj (.const:s_adcSelect)

.cinit     0    00004ea0    0000003c     
                  00004ea0    00000012     (.cinit..data.load) [load image, compression = rle]
                  00004eb2    00000006     --HOLE-- [fill = 0]
                  00004eb8    00000009     (.cinit..bss.load) [load image, compression = rle]
                  00004ec1    00000003     --HOLE-- [fill = 0]
                  00004ec4    00000008     (__TI_handler_table)
                  00004ecc    00000010     (__TI_cinit_table)

.bss       0    08001500    00000058     UNINITIALIZED
                  08001500    00000050     HL_sci.obj (.bss:g_sciTransfer_t)
                  08001550    00000008     (.common:command)

.data      0    08001558    00000014     UNINITIALIZED
                  08001558    0000000c     rtsv7R4_A_be_v3D16_eabi.lib : exit.obj (.data:$O1$$)
                  08001564    00000008                                 : _lock.obj (.data:$O1$$)

MODULE SUMMARY

       Module                     code    ro data   rw data
       ------                     ----    -------   -------
    .\source\
       HL_sys_vim.obj             3204    512       0      
       HL_adc.obj                 2804    48        0      
       HL_pinmux.obj              2496    0         0      
       HL_system.obj              2396    0         0      
       HL_esm.obj                 2364    0         0      
       HL_sci.obj                 2160    0         80     
       HL_sys_core.obj            952     0         0      
       HL_sys_mpu.obj             876     0         0      
       HL_sys_main.obj            176     0         8      
       HL_sys_startup.obj         180     0         0      
       HL_notification.obj        136     0         0      
       HL_sys_intvecs.obj         32      0         0      
       HL_sys_phantom.obj         4       0         0      
    +--+--------------------------+-------+---------+---------+
       Total:                     17780   560       88     
                                                           
    C:\ti\ccsv6\tools\compiler\ti-cgt-arm_15.12.1.LTS\lib\rtsv7R4_A_be_v3D16_eabi.lib
       memcpy32.obj               384     0         0      
       s_floor.obj                316     0         0      
       memset32.obj               176     0         0      
       autoinit.obj               168     0         0      
       copy_decompress_rle.obj    164     0         0      
       exit.obj                   144     0         12     
       cpy_tbl.obj                132     0         0      
       ltoa.obj                   128     0         0      
       i_div32.obj                84      0         0      
       _lock.obj                  36      0         8      
       copy_decompress_none.obj   20      0         0      
       i_div0.obj                 4       0         0      
       startup.obj                4       0         0      
    +--+--------------------------+-------+---------+---------+
       Total:                     1760    0         20     
                                                           
       Linker Generated:          0       51        0      
    +--+--------------------------+-------+---------+---------+
       Grand Total:               19540   611       108    


LINKER GENERATED COPY TABLES

__TI_cinit_table @ 00004ecc records: 2, size/record: 8, table size: 16
	.data: load addr=00004ea0, load size=00000012 bytes, run addr=08001558, run size=00000014 bytes, compression=rle
	.bss: load addr=00004eb8, load size=00000009 bytes, run addr=08001500, run size=00000058 bytes, compression=rle


LINKER GENERATED HANDLER TABLE

__TI_handler_table @ 00004ec4 records: 2, size/record: 4, table size: 8
	index: 0, handler: __TI_decompress_rle24
	index: 1, handler: __TI_decompress_none


GLOBAL SYMBOLS: SORTED ALPHABETICALLY BY Name 

address   name                                
-------   ----                                
00004998  C$$EXIT                             
UNDEFED   SHT$$INIT_ARRAY$$Base               
UNDEFED   SHT$$INIT_ARRAY$$Limit              
00004ecc  __TI_CINIT_Base                     
00004edc  __TI_CINIT_Limit                    
00004ec4  __TI_Handler_Table_Base             
00004ecc  __TI_Handler_Table_Limit            
00003b4c  __TI_PINIT_Base                     
00003b50  __TI_PINIT_Limit                    
00004854  __TI_auto_init                      
08001558  __TI_cleanup_ptr                    
00004c2c  __TI_decompress_none                
00004c40  __TI_decompress_rle24               
0800155c  __TI_dtors_ptr                      
08001560  __TI_enable_exit_profile_output     
ffffffff  __TI_pprof_out_hndl                 
ffffffff  __TI_prof_data_size                 
ffffffff  __TI_prof_data_start                
00000000  __TI_static_base__                  
00004bb4  __aeabi_idiv                        
00004c4c  __aeabi_idiv0                       
00004bb4  __aeabi_idivmod                     
000047a4  __aeabi_memclr                      
000047a4  __aeabi_memclr4                     
000047a4  __aeabi_memclr8                     
0000420c  __aeabi_memcpy                      
0000420c  __aeabi_memcpy4                     
0000420c  __aeabi_memcpy8                     
000047a8  __aeabi_memset                      
000047a8  __aeabi_memset4                     
000047a8  __aeabi_memset8                     
ffffffff  __binit__                           
ffffffff  __c_args__                          
00004640  _c_int00                            
00003b00  _cacheDisable_                      
00003ac8  _cacheEnable_                       
00003aa8  _checkMemInitOn_                    
000039b4  _coreClearAuxiliaryDataFault_       
000039c8  _coreClearAuxiliaryInstructionFault_
0000398c  _coreClearDataFaultAddress_         
00003964  _coreClearDataFault_                
000039a0  _coreClearInstructionFaultAddress_  
00003978  _coreClearInstructionFault_         
0000393c  _coreDisableEventBusExport_         
0000392c  _coreEnableEventBusExport_          
0000394c  _coreEnableIrqVicOffset_            
00003914  _coreEnableVfp_                     
000039ac  _coreGetAuxiliaryDataFault_         
000039c0  _coreGetAuxiliaryInstructionFault_  
00003984  _coreGetDataFaultAddress_           
0000395c  _coreGetDataFault_                  
00003998  _coreGetInstructionFaultAddress_    
00003970  _coreGetInstructionFault_           
0000379c  _coreInitRegisters_                 
000038a8  _coreInitStackPointer_              
00003b24  _dCacheInvalidate_                  
000039d4  _disable_IRQ_interrupt_             
000039dc  _enable_IRQ_interrupt_              
000039e4  _enable_interrupt_                  
000039ec  _esmCcmErrorsClear_                 
000038f4  _getCPSRValue_                      
000038fc  _gotoCPUIdle_                       
00003b38  _iCacheInvalidate_                  
08001564  _lock                               
00003a74  _memInit_                           
00003e68  _mpuAreRegionsSeparate_             
00003e4c  _mpuDisableBackgroundRegion_        
00003e24  _mpuDisable_                        
00003e3c  _mpuEnableBackgroundRegion_         
00003e0c  _mpuEnable_                         
00003e5c  _mpuGetNumberOfRegions_             
00003e8c  _mpuGetRegionBaseAddress_           
00003eac  _mpuGetRegionPermission_            
00003ea0  _mpuGetRegionType_                  
00003e7c  _mpuGetRegion_                      
00003b54  _mpuInit_                           
00003e84  _mpuSetRegionBaseAddress_           
00003eb8  _mpuSetRegionSizeRegister_          
00003e94  _mpuSetRegionTypeAndPermission_     
00003e74  _mpuSetRegion_                      
00004c20  _nop                                
00004c14  _register_lock                      
00004c08  _register_unlock                    
00004c50  _system_post_cinit                  
08001568  _unlock                             
000049a0  abort                               
000008a4  adc1GetConfigValue                  
00000478  adcCalibration                      
00000844  adcDisableNotification              
000007f4  adcEnableNotification               
00000250  adcGetData                          
0000088c  adcGetEVTPin                        
00000020  adcInit                             
00000448  adcIsConversionComplete             
00000418  adcIsFifoFull                       
00000654  adcMidPointCalibration              
00004a74  adcNotification                     
00000228  adcResetFiFo                        
0000086c  adcSetEVTPin                        
0000017c  adcStartConversion                  
00000200  adcStopConversion                   
ffffffff  binit                               
08001550  command                             
00004ab0  copy_in                             
00004a60  dmaGroupANotification               
00004a9c  epcCAMFullNotification              
00004aa0  epcFIFOFullNotification             
000031f0  esmActivateNormalOperation          
0000334c  esmClearStatus                      
000033c0  esmClearStatusBuffer                
00003398  esmClearStatusUpper                 
00003198  esmDisableError                     
000031c4  esmDisableErrorUpper                
00003248  esmDisableInterrupt                 
00003274  esmDisableInterruptUpper            
00003150  esmEnableError                      
0000317c  esmEnableErrorUpper                 
00003200  esmEnableInterrupt                  
0000322c  esmEnableInterruptUpper             
00003500  esmEnterSelfTest                    
00003134  esmError                            
000035d8  esmGetConfigValue                   
000033fc  esmGetStatus                        
000034d8  esmGetStatusBuffer                  
00003488  esmGetStatusUpper                   
00004a28  esmGroup1Notification               
00004a3c  esmGroup2Notification               
00004a50  esmGroup3Notification               
0000438c  esmHighInterrupt                    
00002fd8  esmInit                             
00003588  esmSelfTestStatus                   
000033dc  esmSetCounterPreloadValue           
00003290  esmSetInterruptLevel                
0000330c  esmSetInterruptLevelUpper           
000031e0  esmTriggerErrorPinReset             
000049ac  exit                                
00004504  floor                               
00004504  floorl                              
00001840  getResetSource                      
00004b34  ltoa                                
000046f4  main                                
00001670  mapClocks                           
0000420c  memcpy                              
000047b4  memset                              
00000b14  muxInit                             
000015bc  periphInit                          
00004c48  phantomInterrupt                    
00000000  resetEntry                          
00002e24  sci1GetConfigValue                  
00002c98  sciDisableLoopback                  
00002d4c  sciDisableNotification              
00002c64  sciEnableLoopback                   
00002cb4  sciEnableNotification               
00002de4  sciEnterResetState                  
00002e04  sciExitResetState                   
00002768  sciInit                             
00002adc  sciIsIdleDetected                   
00002ac0  sciIsRxReady                        
00002910  sciIsTxReady                        
00004a88  sciNotification                     
00002b54  sciReceive                          
00002b28  sciReceiveByte                      
00002af8  sciRxError                          
0000295c  sciSend                             
0000292c  sciSendByte                         
00002874  sciSetBaudrate                      
00002854  sciSetFunctional                    
0000157c  setupFlash                          
000014d4  setupPLL                            
00001968  systemGetConfigValue                
0000179c  systemInit                          
00001810  systemPowerDown                     
00001534  trimLPO                             
00001f04  vimChannelMap                       
00002170  vimDisableInterrupt                 
00003ec0  vimECCErrorHandler                  
00001fa8  vimEnableInterrupt                  
0000221c  vimGetConfigValue                   
00001e30  vimInit                             


GLOBAL SYMBOLS: SORTED BY Symbol Address 

address   name                                
-------   ----                                
00000000  __TI_static_base__                  
00000000  resetEntry                          
00000020  adcInit                             
0000017c  adcStartConversion                  
00000200  adcStopConversion                   
00000228  adcResetFiFo                        
00000250  adcGetData                          
00000418  adcIsFifoFull                       
00000448  adcIsConversionComplete             
00000478  adcCalibration                      
00000654  adcMidPointCalibration              
000007f4  adcEnableNotification               
00000844  adcDisableNotification              
0000086c  adcSetEVTPin                        
0000088c  adcGetEVTPin                        
000008a4  adc1GetConfigValue                  
00000b14  muxInit                             
000014d4  setupPLL                            
00001534  trimLPO                             
0000157c  setupFlash                          
000015bc  periphInit                          
00001670  mapClocks                           
0000179c  systemInit                          
00001810  systemPowerDown                     
00001840  getResetSource                      
00001968  systemGetConfigValue                
00001e30  vimInit                             
00001f04  vimChannelMap                       
00001fa8  vimEnableInterrupt                  
00002170  vimDisableInterrupt                 
0000221c  vimGetConfigValue                   
00002768  sciInit                             
00002854  sciSetFunctional                    
00002874  sciSetBaudrate                      
00002910  sciIsTxReady                        
0000292c  sciSendByte                         
0000295c  sciSend                             
00002ac0  sciIsRxReady                        
00002adc  sciIsIdleDetected                   
00002af8  sciRxError                          
00002b28  sciReceiveByte                      
00002b54  sciReceive                          
00002c64  sciEnableLoopback                   
00002c98  sciDisableLoopback                  
00002cb4  sciEnableNotification               
00002d4c  sciDisableNotification              
00002de4  sciEnterResetState                  
00002e04  sciExitResetState                   
00002e24  sci1GetConfigValue                  
00002fd8  esmInit                             
00003134  esmError                            
00003150  esmEnableError                      
0000317c  esmEnableErrorUpper                 
00003198  esmDisableError                     
000031c4  esmDisableErrorUpper                
000031e0  esmTriggerErrorPinReset             
000031f0  esmActivateNormalOperation          
00003200  esmEnableInterrupt                  
0000322c  esmEnableInterruptUpper             
00003248  esmDisableInterrupt                 
00003274  esmDisableInterruptUpper            
00003290  esmSetInterruptLevel                
0000330c  esmSetInterruptLevelUpper           
0000334c  esmClearStatus                      
00003398  esmClearStatusUpper                 
000033c0  esmClearStatusBuffer                
000033dc  esmSetCounterPreloadValue           
000033fc  esmGetStatus                        
00003488  esmGetStatusUpper                   
000034d8  esmGetStatusBuffer                  
00003500  esmEnterSelfTest                    
00003588  esmSelfTestStatus                   
000035d8  esmGetConfigValue                   
0000379c  _coreInitRegisters_                 
000038a8  _coreInitStackPointer_              
000038f4  _getCPSRValue_                      
000038fc  _gotoCPUIdle_                       
00003914  _coreEnableVfp_                     
0000392c  _coreEnableEventBusExport_          
0000393c  _coreDisableEventBusExport_         
0000394c  _coreEnableIrqVicOffset_            
0000395c  _coreGetDataFault_                  
00003964  _coreClearDataFault_                
00003970  _coreGetInstructionFault_           
00003978  _coreClearInstructionFault_         
00003984  _coreGetDataFaultAddress_           
0000398c  _coreClearDataFaultAddress_         
00003998  _coreGetInstructionFaultAddress_    
000039a0  _coreClearInstructionFaultAddress_  
000039ac  _coreGetAuxiliaryDataFault_         
000039b4  _coreClearAuxiliaryDataFault_       
000039c0  _coreGetAuxiliaryInstructionFault_  
000039c8  _coreClearAuxiliaryInstructionFault_
000039d4  _disable_IRQ_interrupt_             
000039dc  _enable_IRQ_interrupt_              
000039e4  _enable_interrupt_                  
000039ec  _esmCcmErrorsClear_                 
00003a74  _memInit_                           
00003aa8  _checkMemInitOn_                    
00003ac8  _cacheEnable_                       
00003b00  _cacheDisable_                      
00003b24  _dCacheInvalidate_                  
00003b38  _iCacheInvalidate_                  
00003b4c  __TI_PINIT_Base                     
00003b50  __TI_PINIT_Limit                    
00003b54  _mpuInit_                           
00003e0c  _mpuEnable_                         
00003e24  _mpuDisable_                        
00003e3c  _mpuEnableBackgroundRegion_         
00003e4c  _mpuDisableBackgroundRegion_        
00003e5c  _mpuGetNumberOfRegions_             
00003e68  _mpuAreRegionsSeparate_             
00003e74  _mpuSetRegion_                      
00003e7c  _mpuGetRegion_                      
00003e84  _mpuSetRegionBaseAddress_           
00003e8c  _mpuGetRegionBaseAddress_           
00003e94  _mpuSetRegionTypeAndPermission_     
00003ea0  _mpuGetRegionType_                  
00003eac  _mpuGetRegionPermission_            
00003eb8  _mpuSetRegionSizeRegister_          
00003ec0  vimECCErrorHandler                  
0000420c  __aeabi_memcpy                      
0000420c  __aeabi_memcpy4                     
0000420c  __aeabi_memcpy8                     
0000420c  memcpy                              
0000438c  esmHighInterrupt                    
00004504  floor                               
00004504  floorl                              
00004640  _c_int00                            
000046f4  main                                
000047a4  __aeabi_memclr                      
000047a4  __aeabi_memclr4                     
000047a4  __aeabi_memclr8                     
000047a8  __aeabi_memset                      
000047a8  __aeabi_memset4                     
000047a8  __aeabi_memset8                     
000047b4  memset                              
00004854  __TI_auto_init                      
00004998  C$$EXIT                             
000049a0  abort                               
000049ac  exit                                
00004a28  esmGroup1Notification               
00004a3c  esmGroup2Notification               
00004a50  esmGroup3Notification               
00004a60  dmaGroupANotification               
00004a74  adcNotification                     
00004a88  sciNotification                     
00004a9c  epcCAMFullNotification              
00004aa0  epcFIFOFullNotification             
00004ab0  copy_in                             
00004b34  ltoa                                
00004bb4  __aeabi_idiv                        
00004bb4  __aeabi_idivmod                     
00004c08  _register_unlock                    
00004c14  _register_lock                      
00004c20  _nop                                
00004c2c  __TI_decompress_none                
00004c40  __TI_decompress_rle24               
00004c48  phantomInterrupt                    
00004c4c  __aeabi_idiv0                       
00004c50  _system_post_cinit                  
00004ec4  __TI_Handler_Table_Base             
00004ecc  __TI_CINIT_Base                     
00004ecc  __TI_Handler_Table_Limit            
00004edc  __TI_CINIT_Limit                    
08001550  command                             
08001558  __TI_cleanup_ptr                    
0800155c  __TI_dtors_ptr                      
08001560  __TI_enable_exit_profile_output     
08001564  _lock                               
08001568  _unlock                             
ffffffff  __TI_pprof_out_hndl                 
ffffffff  __TI_prof_data_size                 
ffffffff  __TI_prof_data_start                
ffffffff  __binit__                           
ffffffff  __c_args__                          
ffffffff  binit                               
UNDEFED   SHT$$INIT_ARRAY$$Base               
UNDEFED   SHT$$INIT_ARRAY$$Limit              

[179 symbols]
