******************************************************************************
                  TI ARM Linker PC v15.12.1                    
******************************************************************************
>> Linked Sat Jan 28 16:28:58 2017

OUTPUT FILE NAME:   <DCAN_TX.out>
ENTRY POINT SYMBOL: "_c_int00"  address: 00003c44


MEMORY CONFIGURATION

         name            origin    length      used     unused   attr    fill
----------------------  --------  ---------  --------  --------  ----  --------
  VECTORS               00000000   00000020  00000020  00000000     X
  FLASH0                00000020   001fffe0  0000437c  001fbc64  R  X
  FLASH1                00200000   00200000  00000000  00200000  R  X
  STACKS                08000000   00001500  00000000  00001500  RW  
  RAM                   08001500   0007eb00  00000020  0007eae0  RW  


SEGMENT ALLOCATION MAP

run origin  load origin   length   init length attrs members
----------  ----------- ---------- ----------- ----- -------
00000000    00000000    00004150   00004150    r-x
  00000000    00000000    00000020   00000020    r-x .intvecs
  00000020    00000020    00004130   00004130    r-x .text
00004160    00004160    0000024c   0000024c    r--
  00004160    00004160    00000220   00000220    r-- .const
  00004380    00004380    0000002c   0000002c    r-- .cinit
08001500    08001500    00000020   00000000    rw-
  08001500    08001500    00000020   00000000    rw- .data


SECTION ALLOCATION MAP

 output                                  attributes/
section   page    origin      length       input sections
--------  ----  ----------  ----------   ----------------
.intvecs   0    00000000    00000020     
                  00000000    00000020     HL_sys_intvecs.obj (.intvecs)

.text      0    00000020    00004130     
                  00000020    00000aa4     HL_can.obj (.text)
                  00000ac4    000009c0     HL_pinmux.obj (.text)
                  00001484    0000095c     HL_system.obj (.text)
                  00001de0    00000938     HL_sys_vim.obj (.text)
                  00002718    000007c4     HL_esm.obj (.text)
                  00002edc    000003b8     HL_sys_core.obj (.text)
                  00003294    0000036c     HL_sys_mpu.obj (.text)
                  00003600    0000034c     HL_sys_vim.obj (.text:retain)
                  0000394c    00000180     rtsv7R4_A_be_v3D16_eabi.lib : memcpy32.obj (.text)
                  00003acc    00000178     HL_esm.obj (.text:retain)
                  00003c44    000000b4     HL_sys_startup.obj (.text:retain)
                  00003cf8    000000b0     rtsv7R4_A_be_v3D16_eabi.lib : memset32.obj (.text)
                  00003da8    000000a8                                 : autoinit.obj (.text)
                  00003e50    0000009c     HL_notification.obj (.text)
                  00003eec    0000009c     rtsv7R4_A_be_v3D16_eabi.lib : copy_decompress_rle.obj (.text)
                  00003f88    00000090                                 : exit.obj (.text)
                  00004018    00000084                                 : cpy_tbl.obj (.text)
                  0000409c    0000006c     HL_sys_main.obj (.text)
                  00004108    00000024     rtsv7R4_A_be_v3D16_eabi.lib : _lock.obj (.text)
                  0000412c    00000014                                 : copy_decompress_none.obj (.text:decompress:none)
                  00004140    00000008                                 : copy_decompress_rle.obj (.text:decompress:rle24)
                  00004148    00000004     HL_sys_phantom.obj (.text:retain)
                  0000414c    00000004     rtsv7R4_A_be_v3D16_eabi.lib : startup.obj (.text)

.const     0    00004160    00000220     
                  00004160    00000200     HL_sys_vim.obj (.const:s_vim_init)
                  00004360    00000020     HL_can.obj (.const:s_canByteOrder)

.cinit     0    00004380    0000002c     
                  00004380    0000001b     (.cinit..data.load) [load image, compression = rle]
                  0000439b    00000001     --HOLE-- [fill = 0]
                  0000439c    00000008     (__TI_handler_table)
                  000043a4    00000008     (__TI_cinit_table)

.data      0    08001500    00000020     UNINITIALIZED
                  08001500    0000000c     rtsv7R4_A_be_v3D16_eabi.lib : exit.obj (.data:$O1$$)
                  0800150c    00000009     HL_sys_main.obj (.data:tx_data)
                  08001515    00000003     --HOLE--
                  08001518    00000008     rtsv7R4_A_be_v3D16_eabi.lib : _lock.obj (.data:$O1$$)

MODULE SUMMARY

       Module                     code    ro data   rw data
       ------                     ----    -------   -------
    .\source\
       HL_sys_vim.obj             3204    512       0      
       HL_can.obj                 2724    32        0      
       HL_pinmux.obj              2496    0         0      
       HL_system.obj              2396    0         0      
       HL_esm.obj                 2364    0         0      
       HL_sys_core.obj            952     0         0      
       HL_sys_mpu.obj             876     0         0      
       HL_sys_startup.obj         180     0         0      
       HL_notification.obj        156     0         0      
       HL_sys_main.obj            108     0         9      
       HL_sys_intvecs.obj         32      0         0      
       HL_sys_phantom.obj         4       0         0      
    +--+--------------------------+-------+---------+---------+
       Total:                     15492   544       9      
                                                           
    C:\ti\ccsv6\tools\compiler\ti-cgt-arm_15.12.1.LTS\lib\rtsv7R4_A_be_v3D16_eabi.lib
       memcpy32.obj               384     0         0      
       memset32.obj               176     0         0      
       autoinit.obj               168     0         0      
       copy_decompress_rle.obj    164     0         0      
       exit.obj                   144     0         12     
       cpy_tbl.obj                132     0         0      
       _lock.obj                  36      0         8      
       copy_decompress_none.obj   20      0         0      
       startup.obj                4       0         0      
    +--+--------------------------+-------+---------+---------+
       Total:                     1228    0         20     
                                                           
       Linker Generated:          0       43        0      
    +--+--------------------------+-------+---------+---------+
       Grand Total:               16720   587       29     


LINKER GENERATED COPY TABLES

__TI_cinit_table @ 000043a4 records: 1, size/record: 8, table size: 8
	.data: load addr=00004380, load size=0000001b bytes, run addr=08001500, run size=00000020 bytes, compression=rle


LINKER GENERATED HANDLER TABLE

__TI_handler_table @ 0000439c records: 2, size/record: 4, table size: 8
	index: 0, handler: __TI_decompress_rle24
	index: 1, handler: __TI_decompress_none


GLOBAL SYMBOLS: SORTED ALPHABETICALLY BY Name 

address   name                                
-------   ----                                
00003f88  C$$EXIT                             
UNDEFED   SHT$$INIT_ARRAY$$Base               
UNDEFED   SHT$$INIT_ARRAY$$Limit              
000043a4  __TI_CINIT_Base                     
000043ac  __TI_CINIT_Limit                    
0000439c  __TI_Handler_Table_Base             
000043a4  __TI_Handler_Table_Limit            
0000328c  __TI_PINIT_Base                     
00003290  __TI_PINIT_Limit                    
00003da8  __TI_auto_init                      
08001500  __TI_cleanup_ptr                    
0000412c  __TI_decompress_none                
00004140  __TI_decompress_rle24               
08001504  __TI_dtors_ptr                      
08001508  __TI_enable_exit_profile_output     
ffffffff  __TI_pprof_out_hndl                 
ffffffff  __TI_prof_data_size                 
ffffffff  __TI_prof_data_start                
00000000  __TI_static_base__                  
00003cf8  __aeabi_memclr                      
00003cf8  __aeabi_memclr4                     
00003cf8  __aeabi_memclr8                     
0000394c  __aeabi_memcpy                      
0000394c  __aeabi_memcpy4                     
0000394c  __aeabi_memcpy8                     
00003cfc  __aeabi_memset                      
00003cfc  __aeabi_memset4                     
00003cfc  __aeabi_memset8                     
ffffffff  __binit__                           
ffffffff  __c_args__                          
00003c44  _c_int00                            
00003240  _cacheDisable_                      
00003208  _cacheEnable_                       
000031e8  _checkMemInitOn_                    
000030f4  _coreClearAuxiliaryDataFault_       
00003108  _coreClearAuxiliaryInstructionFault_
000030cc  _coreClearDataFaultAddress_         
000030a4  _coreClearDataFault_                
000030e0  _coreClearInstructionFaultAddress_  
000030b8  _coreClearInstructionFault_         
0000307c  _coreDisableEventBusExport_         
0000306c  _coreEnableEventBusExport_          
0000308c  _coreEnableIrqVicOffset_            
00003054  _coreEnableVfp_                     
000030ec  _coreGetAuxiliaryDataFault_         
00003100  _coreGetAuxiliaryInstructionFault_  
000030c4  _coreGetDataFaultAddress_           
0000309c  _coreGetDataFault_                  
000030d8  _coreGetInstructionFaultAddress_    
000030b0  _coreGetInstructionFault_           
00002edc  _coreInitRegisters_                 
00002fe8  _coreInitStackPointer_              
00003264  _dCacheInvalidate_                  
00003114  _disable_IRQ_interrupt_             
0000311c  _enable_IRQ_interrupt_              
00003124  _enable_interrupt_                  
0000312c  _esmCcmErrorsClear_                 
00003034  _getCPSRValue_                      
0000303c  _gotoCPUIdle_                       
00003278  _iCacheInvalidate_                  
08001518  _lock                               
000031b4  _memInit_                           
000035a8  _mpuAreRegionsSeparate_             
0000358c  _mpuDisableBackgroundRegion_        
00003564  _mpuDisable_                        
0000357c  _mpuEnableBackgroundRegion_         
0000354c  _mpuEnable_                         
0000359c  _mpuGetNumberOfRegions_             
000035cc  _mpuGetRegionBaseAddress_           
000035ec  _mpuGetRegionPermission_            
000035e0  _mpuGetRegionType_                  
000035bc  _mpuGetRegion_                      
00003294  _mpuInit_                           
000035c4  _mpuSetRegionBaseAddress_           
000035f8  _mpuSetRegionSizeRegister_          
000035d4  _mpuSetRegionTypeAndPermission_     
000035b4  _mpuSetRegion_                      
00004120  _nop                                
00004114  _register_lock                      
00004108  _register_unlock                    
0000414c  _system_post_cinit                  
0800151c  _unlock                             
00003f90  abort                               
ffffffff  binit                               
0000090c  can1GetConfigValue                  
000007ac  canDisableErrorNotification         
0000078c  canDisableStatusChangeNotification  
00000804  canDisableloopback                  
0000074c  canEnableErrorNotification          
0000076c  canEnableStatusChangeNotification   
000007cc  canEnableloopback                   
000040cc  canErrorNotification                
000004f4  canFillMessageObjectData            
0000021c  canGetData                          
00000728  canGetErrorLevel                    
00000374  canGetID                            
00000704  canGetLastError                     
00000020  canInit                             
000008f0  canIoRxGetBit                       
00000834  canIoSetDirection                   
00000884  canIoSetPort                        
000008d4  canIoTxGetBit                       
000006a8  canIsMessageBoxValid                
0000064c  canIsRxMessageArrived               
000005f0  canIsTxMessagePending               
000040b8  canMessageNotification              
00000454  canSendRemoteFrame                  
00003eb0  canStatusChangeNotification         
00000120  canTransmit                         
000003dc  canUpdateID                         
00004018  copy_in                             
00003e88  dmaGroupANotification               
00003ed8  epcCAMFullNotification              
00003edc  epcFIFOFullNotification             
00002930  esmActivateNormalOperation          
00002a8c  esmClearStatus                      
00002b00  esmClearStatusBuffer                
00002ad8  esmClearStatusUpper                 
000028d8  esmDisableError                     
00002904  esmDisableErrorUpper                
00002988  esmDisableInterrupt                 
000029b4  esmDisableInterruptUpper            
00002890  esmEnableError                      
000028bc  esmEnableErrorUpper                 
00002940  esmEnableInterrupt                  
0000296c  esmEnableInterruptUpper             
00002c40  esmEnterSelfTest                    
00002874  esmError                            
00002d18  esmGetConfigValue                   
00002b3c  esmGetStatus                        
00002c18  esmGetStatusBuffer                  
00002bc8  esmGetStatusUpper                   
000040e0  esmGroup1Notification               
000040f0  esmGroup2Notification               
00003e78  esmGroup3Notification               
00003acc  esmHighInterrupt                    
00002718  esmInit                             
00002cc8  esmSelfTestStatus                   
00002b1c  esmSetCounterPreloadValue           
000029d0  esmSetInterruptLevel                
00002a4c  esmSetInterruptLevelUpper           
00002920  esmTriggerErrorPinReset             
00003f9c  exit                                
000017f0  getResetSource                      
0000409c  main                                
00001620  mapClocks                           
0000394c  memcpy                              
00003d08  memset                              
00000ac4  muxInit                             
0000156c  periphInit                          
00004148  phantomInterrupt                    
00000000  resetEntry                          
0000152c  setupFlash                          
00001484  setupPLL                            
00001918  systemGetConfigValue                
0000174c  systemInit                          
000017c0  systemPowerDown                     
000014e4  trimLPO                             
0800150c  tx_data                             
00001eb4  vimChannelMap                       
00002120  vimDisableInterrupt                 
00003600  vimECCErrorHandler                  
00001f58  vimEnableInterrupt                  
000021cc  vimGetConfigValue                   
00001de0  vimInit                             


GLOBAL SYMBOLS: SORTED BY Symbol Address 

address   name                                
-------   ----                                
00000000  __TI_static_base__                  
00000000  resetEntry                          
00000020  canInit                             
00000120  canTransmit                         
0000021c  canGetData                          
00000374  canGetID                            
000003dc  canUpdateID                         
00000454  canSendRemoteFrame                  
000004f4  canFillMessageObjectData            
000005f0  canIsTxMessagePending               
0000064c  canIsRxMessageArrived               
000006a8  canIsMessageBoxValid                
00000704  canGetLastError                     
00000728  canGetErrorLevel                    
0000074c  canEnableErrorNotification          
0000076c  canEnableStatusChangeNotification   
0000078c  canDisableStatusChangeNotification  
000007ac  canDisableErrorNotification         
000007cc  canEnableloopback                   
00000804  canDisableloopback                  
00000834  canIoSetDirection                   
00000884  canIoSetPort                        
000008d4  canIoTxGetBit                       
000008f0  canIoRxGetBit                       
0000090c  can1GetConfigValue                  
00000ac4  muxInit                             
00001484  setupPLL                            
000014e4  trimLPO                             
0000152c  setupFlash                          
0000156c  periphInit                          
00001620  mapClocks                           
0000174c  systemInit                          
000017c0  systemPowerDown                     
000017f0  getResetSource                      
00001918  systemGetConfigValue                
00001de0  vimInit                             
00001eb4  vimChannelMap                       
00001f58  vimEnableInterrupt                  
00002120  vimDisableInterrupt                 
000021cc  vimGetConfigValue                   
00002718  esmInit                             
00002874  esmError                            
00002890  esmEnableError                      
000028bc  esmEnableErrorUpper                 
000028d8  esmDisableError                     
00002904  esmDisableErrorUpper                
00002920  esmTriggerErrorPinReset             
00002930  esmActivateNormalOperation          
00002940  esmEnableInterrupt                  
0000296c  esmEnableInterruptUpper             
00002988  esmDisableInterrupt                 
000029b4  esmDisableInterruptUpper            
000029d0  esmSetInterruptLevel                
00002a4c  esmSetInterruptLevelUpper           
00002a8c  esmClearStatus                      
00002ad8  esmClearStatusUpper                 
00002b00  esmClearStatusBuffer                
00002b1c  esmSetCounterPreloadValue           
00002b3c  esmGetStatus                        
00002bc8  esmGetStatusUpper                   
00002c18  esmGetStatusBuffer                  
00002c40  esmEnterSelfTest                    
00002cc8  esmSelfTestStatus                   
00002d18  esmGetConfigValue                   
00002edc  _coreInitRegisters_                 
00002fe8  _coreInitStackPointer_              
00003034  _getCPSRValue_                      
0000303c  _gotoCPUIdle_                       
00003054  _coreEnableVfp_                     
0000306c  _coreEnableEventBusExport_          
0000307c  _coreDisableEventBusExport_         
0000308c  _coreEnableIrqVicOffset_            
0000309c  _coreGetDataFault_                  
000030a4  _coreClearDataFault_                
000030b0  _coreGetInstructionFault_           
000030b8  _coreClearInstructionFault_         
000030c4  _coreGetDataFaultAddress_           
000030cc  _coreClearDataFaultAddress_         
000030d8  _coreGetInstructionFaultAddress_    
000030e0  _coreClearInstructionFaultAddress_  
000030ec  _coreGetAuxiliaryDataFault_         
000030f4  _coreClearAuxiliaryDataFault_       
00003100  _coreGetAuxiliaryInstructionFault_  
00003108  _coreClearAuxiliaryInstructionFault_
00003114  _disable_IRQ_interrupt_             
0000311c  _enable_IRQ_interrupt_              
00003124  _enable_interrupt_                  
0000312c  _esmCcmErrorsClear_                 
000031b4  _memInit_                           
000031e8  _checkMemInitOn_                    
00003208  _cacheEnable_                       
00003240  _cacheDisable_                      
00003264  _dCacheInvalidate_                  
00003278  _iCacheInvalidate_                  
0000328c  __TI_PINIT_Base                     
00003290  __TI_PINIT_Limit                    
00003294  _mpuInit_                           
0000354c  _mpuEnable_                         
00003564  _mpuDisable_                        
0000357c  _mpuEnableBackgroundRegion_         
0000358c  _mpuDisableBackgroundRegion_        
0000359c  _mpuGetNumberOfRegions_             
000035a8  _mpuAreRegionsSeparate_             
000035b4  _mpuSetRegion_                      
000035bc  _mpuGetRegion_                      
000035c4  _mpuSetRegionBaseAddress_           
000035cc  _mpuGetRegionBaseAddress_           
000035d4  _mpuSetRegionTypeAndPermission_     
000035e0  _mpuGetRegionType_                  
000035ec  _mpuGetRegionPermission_            
000035f8  _mpuSetRegionSizeRegister_          
00003600  vimECCErrorHandler                  
0000394c  __aeabi_memcpy                      
0000394c  __aeabi_memcpy4                     
0000394c  __aeabi_memcpy8                     
0000394c  memcpy                              
00003acc  esmHighInterrupt                    
00003c44  _c_int00                            
00003cf8  __aeabi_memclr                      
00003cf8  __aeabi_memclr4                     
00003cf8  __aeabi_memclr8                     
00003cfc  __aeabi_memset                      
00003cfc  __aeabi_memset4                     
00003cfc  __aeabi_memset8                     
00003d08  memset                              
00003da8  __TI_auto_init                      
00003e78  esmGroup3Notification               
00003e88  dmaGroupANotification               
00003eb0  canStatusChangeNotification         
00003ed8  epcCAMFullNotification              
00003edc  epcFIFOFullNotification             
00003f88  C$$EXIT                             
00003f90  abort                               
00003f9c  exit                                
00004018  copy_in                             
0000409c  main                                
000040b8  canMessageNotification              
000040cc  canErrorNotification                
000040e0  esmGroup1Notification               
000040f0  esmGroup2Notification               
00004108  _register_unlock                    
00004114  _register_lock                      
00004120  _nop                                
0000412c  __TI_decompress_none                
00004140  __TI_decompress_rle24               
00004148  phantomInterrupt                    
0000414c  _system_post_cinit                  
0000439c  __TI_Handler_Table_Base             
000043a4  __TI_CINIT_Base                     
000043a4  __TI_Handler_Table_Limit            
000043ac  __TI_CINIT_Limit                    
08001500  __TI_cleanup_ptr                    
08001504  __TI_dtors_ptr                      
08001508  __TI_enable_exit_profile_output     
0800150c  tx_data                             
08001518  _lock                               
0800151c  _unlock                             
ffffffff  __TI_pprof_out_hndl                 
ffffffff  __TI_prof_data_size                 
ffffffff  __TI_prof_data_start                
ffffffff  __binit__                           
ffffffff  __c_args__                          
ffffffff  binit                               
UNDEFED   SHT$$INIT_ARRAY$$Base               
UNDEFED   SHT$$INIT_ARRAY$$Limit              

[165 symbols]
