******************************************************************************
                  TI ARM Linker PC v15.12.1                    
******************************************************************************
>> Linked Sat Jan 28 17:31:44 2017

OUTPUT FILE NAME:   <DCAN_RX.out>
ENTRY POINT SYMBOL: "_c_int00"  address: 00004728


MEMORY CONFIGURATION

         name            origin    length      used     unused   attr    fill
----------------------  --------  ---------  --------  --------  ----  --------
  VECTORS               00000000   00000020  00000020  00000000     X
  FLASH0                00000020   001fffe0  00004e28  001fb1b8  R  X
  FLASH1                00200000   00200000  00000000  00200000  R  X
  STACKS                08000000   00001500  00000000  00001500  RW  
  RAM                   08001500   0007eb00  0000007c  0007ea84  RW  


SEGMENT ALLOCATION MAP

run origin  load origin   length   init length attrs members
----------  ----------- ---------- ----------- ----- -------
00000000    00000000    00004e4c   00004e4c    r-x
  00000000    00000000    00000020   00000020    r-x .intvecs
  00000020    00000020    00004bbc   00004bbc    r-x .text
  00004be0    00004be0    00000220   00000220    r-- .const
  00004e00    00004e00    0000004c   0000004c    r-- .cinit
08001500    08001500    0000007c   00000000    rw-
  08001500    08001500    00000050   00000000    rw- .bss
  08001550    08001550    0000002c   00000000    rw- .data


SECTION ALLOCATION MAP

 output                                  attributes/
section   page    origin      length       input sections
--------  ----  ----------  ----------   ----------------
.intvecs   0    00000000    00000020     
                  00000000    00000020     HL_sys_intvecs.obj (.intvecs)

.text      0    00000020    00004bbc     
                  00000020    00000aa4     HL_can.obj (.text)
                  00000ac4    000009c0     HL_pinmux.obj (.text)
                  00001484    0000095c     HL_system.obj (.text)
                  00001de0    00000938     HL_sys_vim.obj (.text)
                  00002718    00000870     HL_sci.obj (.text)
                  00002f88    000007c4     HL_esm.obj (.text)
                  0000374c    000003b8     HL_sys_core.obj (.text)
                  00003b04    0000036c     HL_sys_mpu.obj (.text)
                  00003e70    0000034c     HL_sys_vim.obj (.text:retain)
                  000041bc    00000180     rtsv7R4_A_be_v3D16_eabi.lib : memcpy32.obj (.text)
                  0000433c    00000178     HL_esm.obj (.text:retain)
                  000044b4    0000013c     rtsv7R4_A_be_v3D16_eabi.lib : s_floor.obj (.text)
                  000045f0    00000138     HL_sys_main.obj (.text)
                  00004728    000000b4     HL_sys_startup.obj (.text:retain)
                  000047dc    000000b0     HL_notification.obj (.text)
                  0000488c    000000b0     rtsv7R4_A_be_v3D16_eabi.lib : memset32.obj (.text)
                  0000493c    000000a8                                 : autoinit.obj (.text)
                  000049e4    0000009c                                 : copy_decompress_rle.obj (.text)
                  00004a80    00000090                                 : exit.obj (.text)
                  00004b10    00000084                                 : cpy_tbl.obj (.text)
                  00004b94    00000024                                 : _lock.obj (.text)
                  00004bb8    00000014                                 : copy_decompress_none.obj (.text:decompress:none)
                  00004bcc    00000008                                 : copy_decompress_rle.obj (.text:decompress:rle24)
                  00004bd4    00000004     HL_sys_phantom.obj (.text:retain)
                  00004bd8    00000004     rtsv7R4_A_be_v3D16_eabi.lib : startup.obj (.text)

.const     0    00004be0    00000220     
                  00004be0    00000200     HL_sys_vim.obj (.const:s_vim_init)
                  00004de0    00000020     HL_can.obj (.const:s_canByteOrder)

.cinit     0    00004e00    0000004c     
                  00004e00    00000021     (.cinit..data.load) [load image, compression = rle]
                  00004e21    00000007     --HOLE-- [fill = 0]
                  00004e28    00000009     (.cinit..bss.load) [load image, compression = rle]
                  00004e31    00000003     --HOLE-- [fill = 0]
                  00004e34    00000008     (__TI_handler_table)
                  00004e3c    00000010     (__TI_cinit_table)

.bss       0    08001500    00000050     UNINITIALIZED
                  08001500    00000050     HL_sci.obj (.bss:g_sciTransfer_t)

.data      0    08001550    0000002c     UNINITIALIZED
                  08001550    0000000c     rtsv7R4_A_be_v3D16_eabi.lib : exit.obj (.data:$O1$$)
                  0800155c    00000009     HL_sys_main.obj (.data:rx_data)
                  08001565    00000009     HL_sys_main.obj (.data:tx_data)
                  0800156e    00000002     --HOLE--
                  08001570    00000008     rtsv7R4_A_be_v3D16_eabi.lib : _lock.obj (.data:$O1$$)
                  08001578    00000004     HL_sys_main.obj (.data)

MODULE SUMMARY

       Module                     code    ro data   rw data
       ------                     ----    -------   -------
    .\source\
       HL_sys_vim.obj             3204    512       0      
       HL_can.obj                 2724    32        0      
       HL_pinmux.obj              2496    0         0      
       HL_system.obj              2396    0         0      
       HL_esm.obj                 2364    0         0      
       HL_sci.obj                 2160    0         80     
       HL_sys_core.obj            952     0         0      
       HL_sys_mpu.obj             876     0         0      
       HL_sys_main.obj            312     0         22     
       HL_sys_startup.obj         180     0         0      
       HL_notification.obj        176     0         0      
       HL_sys_intvecs.obj         32      0         0      
       HL_sys_phantom.obj         4       0         0      
    +--+--------------------------+-------+---------+---------+
       Total:                     17876   544       102    
                                                           
    C:\ti\ccsv6\tools\compiler\ti-cgt-arm_15.12.1.LTS\lib\rtsv7R4_A_be_v3D16_eabi.lib
       memcpy32.obj               384     0         0      
       s_floor.obj                316     0         0      
       memset32.obj               176     0         0      
       autoinit.obj               168     0         0      
       copy_decompress_rle.obj    164     0         0      
       exit.obj                   144     0         12     
       cpy_tbl.obj                132     0         0      
       _lock.obj                  36      0         8      
       copy_decompress_none.obj   20      0         0      
       startup.obj                4       0         0      
    +--+--------------------------+-------+---------+---------+
       Total:                     1544    0         20     
                                                           
       Linker Generated:          0       66        0      
    +--+--------------------------+-------+---------+---------+
       Grand Total:               19420   610       122    


LINKER GENERATED COPY TABLES

__TI_cinit_table @ 00004e3c records: 2, size/record: 8, table size: 16
	.data: load addr=00004e00, load size=00000021 bytes, run addr=08001550, run size=0000002c bytes, compression=rle
	.bss: load addr=00004e28, load size=00000009 bytes, run addr=08001500, run size=00000050 bytes, compression=rle


LINKER GENERATED HANDLER TABLE

__TI_handler_table @ 00004e34 records: 2, size/record: 4, table size: 8
	index: 0, handler: __TI_decompress_rle24
	index: 1, handler: __TI_decompress_none


GLOBAL SYMBOLS: SORTED ALPHABETICALLY BY Name 

address   name                                
-------   ----                                
00004a80  C$$EXIT                             
UNDEFED   SHT$$INIT_ARRAY$$Base               
UNDEFED   SHT$$INIT_ARRAY$$Limit              
00004e3c  __TI_CINIT_Base                     
00004e4c  __TI_CINIT_Limit                    
00004e34  __TI_Handler_Table_Base             
00004e3c  __TI_Handler_Table_Limit            
00003afc  __TI_PINIT_Base                     
00003b00  __TI_PINIT_Limit                    
0000493c  __TI_auto_init                      
08001550  __TI_cleanup_ptr                    
00004bb8  __TI_decompress_none                
00004bcc  __TI_decompress_rle24               
08001554  __TI_dtors_ptr                      
08001558  __TI_enable_exit_profile_output     
ffffffff  __TI_pprof_out_hndl                 
ffffffff  __TI_prof_data_size                 
ffffffff  __TI_prof_data_start                
00000000  __TI_static_base__                  
0000488c  __aeabi_memclr                      
0000488c  __aeabi_memclr4                     
0000488c  __aeabi_memclr8                     
000041bc  __aeabi_memcpy                      
000041bc  __aeabi_memcpy4                     
000041bc  __aeabi_memcpy8                     
00004890  __aeabi_memset                      
00004890  __aeabi_memset4                     
00004890  __aeabi_memset8                     
ffffffff  __binit__                           
ffffffff  __c_args__                          
00004728  _c_int00                            
00003ab0  _cacheDisable_                      
00003a78  _cacheEnable_                       
00003a58  _checkMemInitOn_                    
00003964  _coreClearAuxiliaryDataFault_       
00003978  _coreClearAuxiliaryInstructionFault_
0000393c  _coreClearDataFaultAddress_         
00003914  _coreClearDataFault_                
00003950  _coreClearInstructionFaultAddress_  
00003928  _coreClearInstructionFault_         
000038ec  _coreDisableEventBusExport_         
000038dc  _coreEnableEventBusExport_          
000038fc  _coreEnableIrqVicOffset_            
000038c4  _coreEnableVfp_                     
0000395c  _coreGetAuxiliaryDataFault_         
00003970  _coreGetAuxiliaryInstructionFault_  
00003934  _coreGetDataFaultAddress_           
0000390c  _coreGetDataFault_                  
00003948  _coreGetInstructionFaultAddress_    
00003920  _coreGetInstructionFault_           
0000374c  _coreInitRegisters_                 
00003858  _coreInitStackPointer_              
00003ad4  _dCacheInvalidate_                  
00003984  _disable_IRQ_interrupt_             
0000398c  _enable_IRQ_interrupt_              
00003994  _enable_interrupt_                  
0000399c  _esmCcmErrorsClear_                 
000038a4  _getCPSRValue_                      
000038ac  _gotoCPUIdle_                       
00003ae8  _iCacheInvalidate_                  
08001570  _lock                               
00003a24  _memInit_                           
00003e18  _mpuAreRegionsSeparate_             
00003dfc  _mpuDisableBackgroundRegion_        
00003dd4  _mpuDisable_                        
00003dec  _mpuEnableBackgroundRegion_         
00003dbc  _mpuEnable_                         
00003e0c  _mpuGetNumberOfRegions_             
00003e3c  _mpuGetRegionBaseAddress_           
00003e5c  _mpuGetRegionPermission_            
00003e50  _mpuGetRegionType_                  
00003e2c  _mpuGetRegion_                      
00003b04  _mpuInit_                           
00003e34  _mpuSetRegionBaseAddress_           
00003e68  _mpuSetRegionSizeRegister_          
00003e44  _mpuSetRegionTypeAndPermission_     
00003e24  _mpuSetRegion_                      
00004bac  _nop                                
00004ba0  _register_lock                      
00004b94  _register_unlock                    
00004bd8  _system_post_cinit                  
08001574  _unlock                             
00004a88  abort                               
ffffffff  binit                               
0000090c  can1GetConfigValue                  
000007ac  canDisableErrorNotification         
0000078c  canDisableStatusChangeNotification  
00000804  canDisableloopback                  
0000074c  canEnableErrorNotification          
0000076c  canEnableStatusChangeNotification   
000007cc  canEnableloopback                   
000046e0  canErrorNotification                
000004f4  canFillMessageObjectData            
0000021c  canGetData                          
00000728  canGetErrorLevel                    
00000374  canGetID                            
00000704  canGetLastError                     
00000020  canInit                             
000008f0  canIoRxGetBit                       
00000834  canIoSetDirection                   
00000884  canIoSetPort                        
000008d4  canIoTxGetBit                       
000006a8  canIsMessageBoxValid                
0000064c  canIsRxMessageArrived               
000005f0  canIsTxMessagePending               
000046cc  canMessageNotification              
00000454  canSendRemoteFrame                  
0000483c  canStatusChangeNotification         
00000120  canTransmit                         
000003dc  canUpdateID                         
0000464c  checkPackets                        
00004b10  copy_in                             
00004814  dmaGroupANotification               
00004878  epcCAMFullNotification              
0000487c  epcFIFOFullNotification             
08001578  error                               
000031a0  esmActivateNormalOperation          
000032fc  esmClearStatus                      
00003370  esmClearStatusBuffer                
00003348  esmClearStatusUpper                 
00003148  esmDisableError                     
00003174  esmDisableErrorUpper                
000031f8  esmDisableInterrupt                 
00003224  esmDisableInterruptUpper            
00003100  esmEnableError                      
0000312c  esmEnableErrorUpper                 
000031b0  esmEnableInterrupt                  
000031dc  esmEnableInterruptUpper             
000034b0  esmEnterSelfTest                    
000030e4  esmError                            
00003588  esmGetConfigValue                   
000033ac  esmGetStatus                        
00003488  esmGetStatusBuffer                  
00003438  esmGetStatusUpper                   
000046f4  esmGroup1Notification               
00004704  esmGroup2Notification               
00004804  esmGroup3Notification               
0000433c  esmHighInterrupt                    
00002f88  esmInit                             
00003538  esmSelfTestStatus                   
0000338c  esmSetCounterPreloadValue           
00003240  esmSetInterruptLevel                
000032bc  esmSetInterruptLevelUpper           
00003190  esmTriggerErrorPinReset             
00004a94  exit                                
000044b4  floor                               
000044b4  floorl                              
000017f0  getResetSource                      
000045f0  main                                
00001620  mapClocks                           
000041bc  memcpy                              
0000489c  memset                              
00000ac4  muxInit                             
0000156c  periphInit                          
00004bd4  phantomInterrupt                    
00000000  resetEntry                          
0800155c  rx_data                             
00002dd4  sci1GetConfigValue                  
00002c48  sciDisableLoopback                  
00002cfc  sciDisableNotification              
00002c14  sciEnableLoopback                   
00002c64  sciEnableNotification               
00002d94  sciEnterResetState                  
00002db4  sciExitResetState                   
00002718  sciInit                             
00002a8c  sciIsIdleDetected                   
00002a70  sciIsRxReady                        
000028c0  sciIsTxReady                        
00004864  sciNotification                     
00002b04  sciReceive                          
00002ad8  sciReceiveByte                      
00002aa8  sciRxError                          
0000290c  sciSend                             
000028dc  sciSendByte                         
00002824  sciSetBaudrate                      
00002804  sciSetFunctional                    
0000152c  setupFlash                          
00001484  setupPLL                            
00001918  systemGetConfigValue                
0000174c  systemInit                          
000017c0  systemPowerDown                     
000014e4  trimLPO                             
08001565  tx_data                             
00001eb4  vimChannelMap                       
00002120  vimDisableInterrupt                 
00003e70  vimECCErrorHandler                  
00001f58  vimEnableInterrupt                  
000021cc  vimGetConfigValue                   
00001de0  vimInit                             


GLOBAL SYMBOLS: SORTED BY Symbol Address 

address   name                                
-------   ----                                
00000000  __TI_static_base__                  
00000000  resetEntry                          
00000020  canInit                             
00000120  canTransmit                         
0000021c  canGetData                          
00000374  canGetID                            
000003dc  canUpdateID                         
00000454  canSendRemoteFrame                  
000004f4  canFillMessageObjectData            
000005f0  canIsTxMessagePending               
0000064c  canIsRxMessageArrived               
000006a8  canIsMessageBoxValid                
00000704  canGetLastError                     
00000728  canGetErrorLevel                    
0000074c  canEnableErrorNotification          
0000076c  canEnableStatusChangeNotification   
0000078c  canDisableStatusChangeNotification  
000007ac  canDisableErrorNotification         
000007cc  canEnableloopback                   
00000804  canDisableloopback                  
00000834  canIoSetDirection                   
00000884  canIoSetPort                        
000008d4  canIoTxGetBit                       
000008f0  canIoRxGetBit                       
0000090c  can1GetConfigValue                  
00000ac4  muxInit                             
00001484  setupPLL                            
000014e4  trimLPO                             
0000152c  setupFlash                          
0000156c  periphInit                          
00001620  mapClocks                           
0000174c  systemInit                          
000017c0  systemPowerDown                     
000017f0  getResetSource                      
00001918  systemGetConfigValue                
00001de0  vimInit                             
00001eb4  vimChannelMap                       
00001f58  vimEnableInterrupt                  
00002120  vimDisableInterrupt                 
000021cc  vimGetConfigValue                   
00002718  sciInit                             
00002804  sciSetFunctional                    
00002824  sciSetBaudrate                      
000028c0  sciIsTxReady                        
000028dc  sciSendByte                         
0000290c  sciSend                             
00002a70  sciIsRxReady                        
00002a8c  sciIsIdleDetected                   
00002aa8  sciRxError                          
00002ad8  sciReceiveByte                      
00002b04  sciReceive                          
00002c14  sciEnableLoopback                   
00002c48  sciDisableLoopback                  
00002c64  sciEnableNotification               
00002cfc  sciDisableNotification              
00002d94  sciEnterResetState                  
00002db4  sciExitResetState                   
00002dd4  sci1GetConfigValue                  
00002f88  esmInit                             
000030e4  esmError                            
00003100  esmEnableError                      
0000312c  esmEnableErrorUpper                 
00003148  esmDisableError                     
00003174  esmDisableErrorUpper                
00003190  esmTriggerErrorPinReset             
000031a0  esmActivateNormalOperation          
000031b0  esmEnableInterrupt                  
000031dc  esmEnableInterruptUpper             
000031f8  esmDisableInterrupt                 
00003224  esmDisableInterruptUpper            
00003240  esmSetInterruptLevel                
000032bc  esmSetInterruptLevelUpper           
000032fc  esmClearStatus                      
00003348  esmClearStatusUpper                 
00003370  esmClearStatusBuffer                
0000338c  esmSetCounterPreloadValue           
000033ac  esmGetStatus                        
00003438  esmGetStatusUpper                   
00003488  esmGetStatusBuffer                  
000034b0  esmEnterSelfTest                    
00003538  esmSelfTestStatus                   
00003588  esmGetConfigValue                   
0000374c  _coreInitRegisters_                 
00003858  _coreInitStackPointer_              
000038a4  _getCPSRValue_                      
000038ac  _gotoCPUIdle_                       
000038c4  _coreEnableVfp_                     
000038dc  _coreEnableEventBusExport_          
000038ec  _coreDisableEventBusExport_         
000038fc  _coreEnableIrqVicOffset_            
0000390c  _coreGetDataFault_                  
00003914  _coreClearDataFault_                
00003920  _coreGetInstructionFault_           
00003928  _coreClearInstructionFault_         
00003934  _coreGetDataFaultAddress_           
0000393c  _coreClearDataFaultAddress_         
00003948  _coreGetInstructionFaultAddress_    
00003950  _coreClearInstructionFaultAddress_  
0000395c  _coreGetAuxiliaryDataFault_         
00003964  _coreClearAuxiliaryDataFault_       
00003970  _coreGetAuxiliaryInstructionFault_  
00003978  _coreClearAuxiliaryInstructionFault_
00003984  _disable_IRQ_interrupt_             
0000398c  _enable_IRQ_interrupt_              
00003994  _enable_interrupt_                  
0000399c  _esmCcmErrorsClear_                 
00003a24  _memInit_                           
00003a58  _checkMemInitOn_                    
00003a78  _cacheEnable_                       
00003ab0  _cacheDisable_                      
00003ad4  _dCacheInvalidate_                  
00003ae8  _iCacheInvalidate_                  
00003afc  __TI_PINIT_Base                     
00003b00  __TI_PINIT_Limit                    
00003b04  _mpuInit_                           
00003dbc  _mpuEnable_                         
00003dd4  _mpuDisable_                        
00003dec  _mpuEnableBackgroundRegion_         
00003dfc  _mpuDisableBackgroundRegion_        
00003e0c  _mpuGetNumberOfRegions_             
00003e18  _mpuAreRegionsSeparate_             
00003e24  _mpuSetRegion_                      
00003e2c  _mpuGetRegion_                      
00003e34  _mpuSetRegionBaseAddress_           
00003e3c  _mpuGetRegionBaseAddress_           
00003e44  _mpuSetRegionTypeAndPermission_     
00003e50  _mpuGetRegionType_                  
00003e5c  _mpuGetRegionPermission_            
00003e68  _mpuSetRegionSizeRegister_          
00003e70  vimECCErrorHandler                  
000041bc  __aeabi_memcpy                      
000041bc  __aeabi_memcpy4                     
000041bc  __aeabi_memcpy8                     
000041bc  memcpy                              
0000433c  esmHighInterrupt                    
000044b4  floor                               
000044b4  floorl                              
000045f0  main                                
0000464c  checkPackets                        
000046cc  canMessageNotification              
000046e0  canErrorNotification                
000046f4  esmGroup1Notification               
00004704  esmGroup2Notification               
00004728  _c_int00                            
00004804  esmGroup3Notification               
00004814  dmaGroupANotification               
0000483c  canStatusChangeNotification         
00004864  sciNotification                     
00004878  epcCAMFullNotification              
0000487c  epcFIFOFullNotification             
0000488c  __aeabi_memclr                      
0000488c  __aeabi_memclr4                     
0000488c  __aeabi_memclr8                     
00004890  __aeabi_memset                      
00004890  __aeabi_memset4                     
00004890  __aeabi_memset8                     
0000489c  memset                              
0000493c  __TI_auto_init                      
00004a80  C$$EXIT                             
00004a88  abort                               
00004a94  exit                                
00004b10  copy_in                             
00004b94  _register_unlock                    
00004ba0  _register_lock                      
00004bac  _nop                                
00004bb8  __TI_decompress_none                
00004bcc  __TI_decompress_rle24               
00004bd4  phantomInterrupt                    
00004bd8  _system_post_cinit                  
00004e34  __TI_Handler_Table_Base             
00004e3c  __TI_CINIT_Base                     
00004e3c  __TI_Handler_Table_Limit            
00004e4c  __TI_CINIT_Limit                    
08001550  __TI_cleanup_ptr                    
08001554  __TI_dtors_ptr                      
08001558  __TI_enable_exit_profile_output     
0800155c  rx_data                             
08001565  tx_data                             
08001570  _lock                               
08001574  _unlock                             
08001578  error                               
ffffffff  __TI_pprof_out_hndl                 
ffffffff  __TI_prof_data_size                 
ffffffff  __TI_prof_data_start                
ffffffff  __binit__                           
ffffffff  __c_args__                          
ffffffff  binit                               
UNDEFED   SHT$$INIT_ARRAY$$Base               
UNDEFED   SHT$$INIT_ARRAY$$Limit              

[189 symbols]
