******************************************************************************
                  TI ARM Linker PC v15.12.1                    
******************************************************************************
>> Linked Thu Dec 15 11:32:15 2016

OUTPUT FILE NAME:   <BUTTON_LED.out>
ENTRY POINT SYMBOL: "_c_int00"  address: 0000370c


MEMORY CONFIGURATION

         name            origin    length      used     unused   attr    fill
----------------------  --------  ---------  --------  --------  ----  --------
  VECTORS               00000000   00000020  00000020  00000000     X
  FLASH0                00000020   001fffe0  00003da0  001fc240  R  X
  FLASH1                00200000   00200000  00000000  00200000  R  X
  STACKS                08000000   00001500  00000000  00001500  RW  
  RAM                   08001500   0007eb00  00000017  0007eae9  RW  


SEGMENT ALLOCATION MAP

run origin  load origin   length   init length attrs members
----------  ----------- ---------- ----------- ----- -------
00000000    00000000    00003b84   00003b84    r-x
  00000000    00000000    00000020   00000020    r-x .intvecs
  00000020    00000020    00003b64   00003b64    r-x .text
00003ba0    00003ba0    0000023c   0000023c    r--
  00003ba0    00003ba0    00000200   00000200    r-- .const
  00003da0    00003da0    0000003c   0000003c    r-- .cinit
08001500    08001500    00000017   00000000    rw-
  08001500    08001500    00000014   00000000    rw- .data
  08001514    08001514    00000003   00000000    rw- .bss


SECTION ALLOCATION MAP

 output                                  attributes/
section   page    origin      length       input sections
--------  ----  ----------  ----------   ----------------
.intvecs   0    00000000    00000020     
                  00000000    00000020     HL_sys_intvecs.obj (.intvecs)

.text      0    00000020    00003b64     
                  00000020    000009c0     HL_pinmux.obj (.text)
                  000009e0    0000095c     HL_system.obj (.text)
                  0000133c    00000938     HL_sys_vim.obj (.text)
                  00001c74    000007c4     HL_esm.obj (.text)
                  00002438    00000484     HL_gio.obj (.text)
                  000028bc    000003b8     HL_sys_core.obj (.text)
                  00002c74    0000036c     HL_sys_mpu.obj (.text)
                  00002fe0    0000034c     HL_sys_vim.obj (.text:retain)
                  0000332c    00000180     rtsv7R4_A_be_v3D16_eabi.lib : memcpy32.obj (.text)
                  000034ac    00000178     HL_esm.obj (.text:retain)
                  00003624    000000e8     HL_sys_main.obj (.text)
                  0000370c    000000b4     HL_sys_startup.obj (.text:retain)
                  000037c0    000000b0     rtsv7R4_A_be_v3D16_eabi.lib : memset32.obj (.text)
                  00003870    000000a8                                 : autoinit.obj (.text)
                  00003918    0000009c                                 : copy_decompress_rle.obj (.text)
                  000039b4    00000090                                 : exit.obj (.text)
                  00003a44    00000084                                 : cpy_tbl.obj (.text)
                  00003ac8    00000074     HL_notification.obj (.text)
                  00003b3c    00000024     rtsv7R4_A_be_v3D16_eabi.lib : _lock.obj (.text)
                  00003b60    00000014                                 : copy_decompress_none.obj (.text:decompress:none)
                  00003b74    00000008                                 : copy_decompress_rle.obj (.text:decompress:rle24)
                  00003b7c    00000004     HL_sys_phantom.obj (.text:retain)
                  00003b80    00000004     rtsv7R4_A_be_v3D16_eabi.lib : startup.obj (.text)

.const     0    00003ba0    00000200     
                  00003ba0    00000200     HL_sys_vim.obj (.const:s_vim_init)

.cinit     0    00003da0    0000003c     
                  00003da0    00000012     (.cinit..data.load) [load image, compression = rle]
                  00003db2    00000006     --HOLE-- [fill = 0]
                  00003db8    00000009     (.cinit..bss.load) [load image, compression = rle]
                  00003dc1    00000003     --HOLE-- [fill = 0]
                  00003dc4    00000008     (__TI_handler_table)
                  00003dcc    00000010     (__TI_cinit_table)

.data      0    08001500    00000014     UNINITIALIZED
                  08001500    0000000c     rtsv7R4_A_be_v3D16_eabi.lib : exit.obj (.data:$O1$$)
                  0800150c    00000008                                 : _lock.obj (.data:$O1$$)

.bss       0    08001514    00000003     UNINITIALIZED
                  08001514    00000001     (.common:giobDIR)
                  08001515    00000001     (.common:switchA)
                  08001516    00000001     (.common:switchB)

MODULE SUMMARY

       Module                     code    ro data   rw data
       ------                     ----    -------   -------
    .\source\
       HL_sys_vim.obj             3204    512       0      
       HL_pinmux.obj              2496    0         0      
       HL_system.obj              2396    0         0      
       HL_esm.obj                 2364    0         0      
       HL_gio.obj                 1156    0         0      
       HL_sys_core.obj            952     0         0      
       HL_sys_mpu.obj             876     0         0      
       HL_sys_main.obj            232     0         3      
       HL_sys_startup.obj         180     0         0      
       HL_notification.obj        116     0         0      
       HL_sys_intvecs.obj         32      0         0      
       HL_sys_phantom.obj         4       0         0      
    +--+--------------------------+-------+---------+---------+
       Total:                     14008   512       3      
                                                           
    C:\ti\ccsv6\tools\compiler\ti-cgt-arm_15.12.1.LTS\lib\rtsv7R4_A_be_v3D16_eabi.lib
       memcpy32.obj               384     0         0      
       memset32.obj               176     0         0      
       autoinit.obj               168     0         0      
       copy_decompress_rle.obj    164     0         0      
       exit.obj                   144     0         12     
       cpy_tbl.obj                132     0         0      
       _lock.obj                  36      0         8      
       copy_decompress_none.obj   20      0         0      
       startup.obj                4       0         0      
    +--+--------------------------+-------+---------+---------+
       Total:                     1228    0         20     
                                                           
       Linker Generated:          0       51        0      
    +--+--------------------------+-------+---------+---------+
       Grand Total:               15236   563       23     


LINKER GENERATED COPY TABLES

__TI_cinit_table @ 00003dcc records: 2, size/record: 8, table size: 16
	.data: load addr=00003da0, load size=00000012 bytes, run addr=08001500, run size=00000014 bytes, compression=rle
	.bss: load addr=00003db8, load size=00000009 bytes, run addr=08001514, run size=00000003 bytes, compression=rle


LINKER GENERATED HANDLER TABLE

__TI_handler_table @ 00003dc4 records: 2, size/record: 4, table size: 8
	index: 0, handler: __TI_decompress_rle24
	index: 1, handler: __TI_decompress_none


GLOBAL SYMBOLS: SORTED ALPHABETICALLY BY Name 

address   name                                
-------   ----                                
000039b4  C$$EXIT                             
UNDEFED   SHT$$INIT_ARRAY$$Base               
UNDEFED   SHT$$INIT_ARRAY$$Limit              
00003dcc  __TI_CINIT_Base                     
00003ddc  __TI_CINIT_Limit                    
00003dc4  __TI_Handler_Table_Base             
00003dcc  __TI_Handler_Table_Limit            
00002c6c  __TI_PINIT_Base                     
00002c70  __TI_PINIT_Limit                    
00003870  __TI_auto_init                      
08001500  __TI_cleanup_ptr                    
00003b60  __TI_decompress_none                
00003b74  __TI_decompress_rle24               
08001504  __TI_dtors_ptr                      
08001508  __TI_enable_exit_profile_output     
ffffffff  __TI_pprof_out_hndl                 
ffffffff  __TI_prof_data_size                 
ffffffff  __TI_prof_data_start                
00000000  __TI_static_base__                  
000037c0  __aeabi_memclr                      
000037c0  __aeabi_memclr4                     
000037c0  __aeabi_memclr8                     
0000332c  __aeabi_memcpy                      
0000332c  __aeabi_memcpy4                     
0000332c  __aeabi_memcpy8                     
000037c4  __aeabi_memset                      
000037c4  __aeabi_memset4                     
000037c4  __aeabi_memset8                     
ffffffff  __binit__                           
ffffffff  __c_args__                          
0000370c  _c_int00                            
00002c20  _cacheDisable_                      
00002be8  _cacheEnable_                       
00002bc8  _checkMemInitOn_                    
00002ad4  _coreClearAuxiliaryDataFault_       
00002ae8  _coreClearAuxiliaryInstructionFault_
00002aac  _coreClearDataFaultAddress_         
00002a84  _coreClearDataFault_                
00002ac0  _coreClearInstructionFaultAddress_  
00002a98  _coreClearInstructionFault_         
00002a5c  _coreDisableEventBusExport_         
00002a4c  _coreEnableEventBusExport_          
00002a6c  _coreEnableIrqVicOffset_            
00002a34  _coreEnableVfp_                     
00002acc  _coreGetAuxiliaryDataFault_         
00002ae0  _coreGetAuxiliaryInstructionFault_  
00002aa4  _coreGetDataFaultAddress_           
00002a7c  _coreGetDataFault_                  
00002ab8  _coreGetInstructionFaultAddress_    
00002a90  _coreGetInstructionFault_           
000028bc  _coreInitRegisters_                 
000029c8  _coreInitStackPointer_              
00002c44  _dCacheInvalidate_                  
00002af4  _disable_IRQ_interrupt_             
00002afc  _enable_IRQ_interrupt_              
00002b04  _enable_interrupt_                  
00002b0c  _esmCcmErrorsClear_                 
00002a14  _getCPSRValue_                      
00002a1c  _gotoCPUIdle_                       
00002c58  _iCacheInvalidate_                  
0800150c  _lock                               
00002b94  _memInit_                           
00002f88  _mpuAreRegionsSeparate_             
00002f6c  _mpuDisableBackgroundRegion_        
00002f44  _mpuDisable_                        
00002f5c  _mpuEnableBackgroundRegion_         
00002f2c  _mpuEnable_                         
00002f7c  _mpuGetNumberOfRegions_             
00002fac  _mpuGetRegionBaseAddress_           
00002fcc  _mpuGetRegionPermission_            
00002fc0  _mpuGetRegionType_                  
00002f9c  _mpuGetRegion_                      
00002c74  _mpuInit_                           
00002fa4  _mpuSetRegionBaseAddress_           
00002fd8  _mpuSetRegionSizeRegister_          
00002fb4  _mpuSetRegionTypeAndPermission_     
00002f94  _mpuSetRegion_                      
00003b54  _nop                                
00003b48  _register_lock                      
00003b3c  _register_unlock                    
00003b80  _system_post_cinit                  
08001510  _unlock                             
000039bc  abort                               
ffffffff  binit                               
00003a44  copy_in                             
00003b00  dmaGroupANotification               
00003b28  epcCAMFullNotification              
00003b2c  epcFIFOFullNotification             
00001e8c  esmActivateNormalOperation          
00001fe8  esmClearStatus                      
0000205c  esmClearStatusBuffer                
00002034  esmClearStatusUpper                 
00001e34  esmDisableError                     
00001e60  esmDisableErrorUpper                
00001ee4  esmDisableInterrupt                 
00001f10  esmDisableInterruptUpper            
00001dec  esmEnableError                      
00001e18  esmEnableErrorUpper                 
00001e9c  esmEnableInterrupt                  
00001ec8  esmEnableInterruptUpper             
0000219c  esmEnterSelfTest                    
00001dd0  esmError                            
00002274  esmGetConfigValue                   
00002098  esmGetStatus                        
00002174  esmGetStatusBuffer                  
00002124  esmGetStatusUpper                   
00003ac8  esmGroup1Notification               
00003adc  esmGroup2Notification               
00003af0  esmGroup3Notification               
000034ac  esmHighInterrupt                    
00001c74  esmInit                             
00002224  esmSelfTestStatus                   
00002078  esmSetCounterPreloadValue           
00001f2c  esmSetInterruptLevel                
00001fa8  esmSetInterruptLevelUpper           
00001e7c  esmTriggerErrorPinReset             
000039c8  exit                                
00000d4c  getResetSource                      
00002698  gioDisableNotification              
00002630  gioEnableNotification               
00002598  gioGetBit                           
00002700  gioGetConfigValue                   
000025c0  gioGetPort                          
00002438  gioInit                             
00003b14  gioNotification                     
00002528  gioSetBit                           
00002508  gioSetDirection                     
00002578  gioSetPort                          
000025d8  gioToggleBit                        
08001514  giobDIR                             
00003624  main                                
00000b7c  mapClocks                           
0000332c  memcpy                              
000037d0  memset                              
00000020  muxInit                             
00000ac8  periphInit                          
00003b7c  phantomInterrupt                    
00000000  resetEntry                          
00000a88  setupFlash                          
000009e0  setupPLL                            
08001515  switchA                             
08001516  switchB                             
00000e74  systemGetConfigValue                
00000ca8  systemInit                          
00000d1c  systemPowerDown                     
00000a40  trimLPO                             
00001410  vimChannelMap                       
0000167c  vimDisableInterrupt                 
00002fe0  vimECCErrorHandler                  
000014b4  vimEnableInterrupt                  
00001728  vimGetConfigValue                   
0000133c  vimInit                             


GLOBAL SYMBOLS: SORTED BY Symbol Address 

address   name                                
-------   ----                                
00000000  __TI_static_base__                  
00000000  resetEntry                          
00000020  muxInit                             
000009e0  setupPLL                            
00000a40  trimLPO                             
00000a88  setupFlash                          
00000ac8  periphInit                          
00000b7c  mapClocks                           
00000ca8  systemInit                          
00000d1c  systemPowerDown                     
00000d4c  getResetSource                      
00000e74  systemGetConfigValue                
0000133c  vimInit                             
00001410  vimChannelMap                       
000014b4  vimEnableInterrupt                  
0000167c  vimDisableInterrupt                 
00001728  vimGetConfigValue                   
00001c74  esmInit                             
00001dd0  esmError                            
00001dec  esmEnableError                      
00001e18  esmEnableErrorUpper                 
00001e34  esmDisableError                     
00001e60  esmDisableErrorUpper                
00001e7c  esmTriggerErrorPinReset             
00001e8c  esmActivateNormalOperation          
00001e9c  esmEnableInterrupt                  
00001ec8  esmEnableInterruptUpper             
00001ee4  esmDisableInterrupt                 
00001f10  esmDisableInterruptUpper            
00001f2c  esmSetInterruptLevel                
00001fa8  esmSetInterruptLevelUpper           
00001fe8  esmClearStatus                      
00002034  esmClearStatusUpper                 
0000205c  esmClearStatusBuffer                
00002078  esmSetCounterPreloadValue           
00002098  esmGetStatus                        
00002124  esmGetStatusUpper                   
00002174  esmGetStatusBuffer                  
0000219c  esmEnterSelfTest                    
00002224  esmSelfTestStatus                   
00002274  esmGetConfigValue                   
00002438  gioInit                             
00002508  gioSetDirection                     
00002528  gioSetBit                           
00002578  gioSetPort                          
00002598  gioGetBit                           
000025c0  gioGetPort                          
000025d8  gioToggleBit                        
00002630  gioEnableNotification               
00002698  gioDisableNotification              
00002700  gioGetConfigValue                   
000028bc  _coreInitRegisters_                 
000029c8  _coreInitStackPointer_              
00002a14  _getCPSRValue_                      
00002a1c  _gotoCPUIdle_                       
00002a34  _coreEnableVfp_                     
00002a4c  _coreEnableEventBusExport_          
00002a5c  _coreDisableEventBusExport_         
00002a6c  _coreEnableIrqVicOffset_            
00002a7c  _coreGetDataFault_                  
00002a84  _coreClearDataFault_                
00002a90  _coreGetInstructionFault_           
00002a98  _coreClearInstructionFault_         
00002aa4  _coreGetDataFaultAddress_           
00002aac  _coreClearDataFaultAddress_         
00002ab8  _coreGetInstructionFaultAddress_    
00002ac0  _coreClearInstructionFaultAddress_  
00002acc  _coreGetAuxiliaryDataFault_         
00002ad4  _coreClearAuxiliaryDataFault_       
00002ae0  _coreGetAuxiliaryInstructionFault_  
00002ae8  _coreClearAuxiliaryInstructionFault_
00002af4  _disable_IRQ_interrupt_             
00002afc  _enable_IRQ_interrupt_              
00002b04  _enable_interrupt_                  
00002b0c  _esmCcmErrorsClear_                 
00002b94  _memInit_                           
00002bc8  _checkMemInitOn_                    
00002be8  _cacheEnable_                       
00002c20  _cacheDisable_                      
00002c44  _dCacheInvalidate_                  
00002c58  _iCacheInvalidate_                  
00002c6c  __TI_PINIT_Base                     
00002c70  __TI_PINIT_Limit                    
00002c74  _mpuInit_                           
00002f2c  _mpuEnable_                         
00002f44  _mpuDisable_                        
00002f5c  _mpuEnableBackgroundRegion_         
00002f6c  _mpuDisableBackgroundRegion_        
00002f7c  _mpuGetNumberOfRegions_             
00002f88  _mpuAreRegionsSeparate_             
00002f94  _mpuSetRegion_                      
00002f9c  _mpuGetRegion_                      
00002fa4  _mpuSetRegionBaseAddress_           
00002fac  _mpuGetRegionBaseAddress_           
00002fb4  _mpuSetRegionTypeAndPermission_     
00002fc0  _mpuGetRegionType_                  
00002fcc  _mpuGetRegionPermission_            
00002fd8  _mpuSetRegionSizeRegister_          
00002fe0  vimECCErrorHandler                  
0000332c  __aeabi_memcpy                      
0000332c  __aeabi_memcpy4                     
0000332c  __aeabi_memcpy8                     
0000332c  memcpy                              
000034ac  esmHighInterrupt                    
00003624  main                                
0000370c  _c_int00                            
000037c0  __aeabi_memclr                      
000037c0  __aeabi_memclr4                     
000037c0  __aeabi_memclr8                     
000037c4  __aeabi_memset                      
000037c4  __aeabi_memset4                     
000037c4  __aeabi_memset8                     
000037d0  memset                              
00003870  __TI_auto_init                      
000039b4  C$$EXIT                             
000039bc  abort                               
000039c8  exit                                
00003a44  copy_in                             
00003ac8  esmGroup1Notification               
00003adc  esmGroup2Notification               
00003af0  esmGroup3Notification               
00003b00  dmaGroupANotification               
00003b14  gioNotification                     
00003b28  epcCAMFullNotification              
00003b2c  epcFIFOFullNotification             
00003b3c  _register_unlock                    
00003b48  _register_lock                      
00003b54  _nop                                
00003b60  __TI_decompress_none                
00003b74  __TI_decompress_rle24               
00003b7c  phantomInterrupt                    
00003b80  _system_post_cinit                  
00003dc4  __TI_Handler_Table_Base             
00003dcc  __TI_CINIT_Base                     
00003dcc  __TI_Handler_Table_Limit            
00003ddc  __TI_CINIT_Limit                    
08001500  __TI_cleanup_ptr                    
08001504  __TI_dtors_ptr                      
08001508  __TI_enable_exit_profile_output     
0800150c  _lock                               
08001510  _unlock                             
08001514  giobDIR                             
08001515  switchA                             
08001516  switchB                             
ffffffff  __TI_pprof_out_hndl                 
ffffffff  __TI_prof_data_size                 
ffffffff  __TI_prof_data_start                
ffffffff  __binit__                           
ffffffff  __c_args__                          
ffffffff  binit                               
UNDEFED   SHT$$INIT_ARRAY$$Base               
UNDEFED   SHT$$INIT_ARRAY$$Limit              

[152 symbols]
