******************************************************************************
                  TI ARM Linker PC v15.12.1                    
******************************************************************************
>> Linked Thu Dec 15 11:14:31 2016

OUTPUT FILE NAME:   <BUTTON_PWM_HET.out>
ENTRY POINT SYMBOL: "_c_int00"  address: 000041cc


MEMORY CONFIGURATION

         name            origin    length      used     unused   attr    fill
----------------------  --------  ---------  --------  --------  ----  --------
  VECTORS               00000000   00000020  00000020  00000000     X
  FLASH0                00000020   001fffe0  00004c00  001fb3e0  R  X
  FLASH1                00200000   00200000  00000000  00200000  R  X
  STACKS                08000000   00001500  00000000  00001500  RW  
  RAM                   08001500   0007eb00  0000001b  0007eae5  RW  


SEGMENT ALLOCATION MAP

run origin  load origin   length   init length attrs members
----------  ----------- ---------- ----------- ----- -------
00000000    00000000    00004624   00004624    r-x
  00000000    00000000    00000020   00000020    r-x .intvecs
  00000020    00000020    00004604   00004604    r-x .text
00004640    00004640    000005fc   000005fc    r--
  00004640    00004640    000005c0   000005c0    r-- .const
  00004c00    00004c00    0000003c   0000003c    r-- .cinit
08001500    08001500    0000001b   00000000    rw-
  08001500    08001500    00000014   00000000    rw- .data
  08001514    08001514    00000007   00000000    rw- .bss


SECTION ALLOCATION MAP

 output                                  attributes/
section   page    origin      length       input sections
--------  ----  ----------  ----------   ----------------
.intvecs   0    00000000    00000020     
                  00000000    00000020     HL_sys_intvecs.obj (.intvecs)

.text      0    00000020    00004604     
                  00000020    000009c0     HL_pinmux.obj (.text)
                  000009e0    0000095c     HL_system.obj (.text)
                  0000133c    00000938     HL_sys_vim.obj (.text)
                  00001c74    000008f8     HL_het.obj (.text)
                  0000256c    000007c4     HL_esm.obj (.text)
                  00002d30    00000484     HL_gio.obj (.text)
                  000031b4    000003b8     HL_sys_core.obj (.text)
                  0000356c    0000036c     HL_sys_mpu.obj (.text)
                  000038d8    0000034c     HL_sys_vim.obj (.text:retain)
                  00003c24    000001fc     HL_sys_main.obj (.text)
                  00003e20    00000180     rtsv7R4_A_be_v3D16_eabi.lib : memcpy32.obj (.text)
                  00003fa0    00000178     HL_esm.obj (.text:retain)
                  00004118    000000b4     HL_notification.obj (.text)
                  000041cc    000000b4     HL_sys_startup.obj (.text:retain)
                  00004280    000000b0     rtsv7R4_A_be_v3D16_eabi.lib : memset32.obj (.text)
                  00004330    000000a8                                 : autoinit.obj (.text)
                  000043d8    0000009c                                 : copy_decompress_rle.obj (.text)
                  00004474    00000090                                 : exit.obj (.text)
                  00004504    00000084                                 : cpy_tbl.obj (.text)
                  00004588    00000050                                 : u_div32.obj (.text)
                  000045d8    00000024                                 : _lock.obj (.text)
                  000045fc    00000014                                 : copy_decompress_none.obj (.text:decompress:none)
                  00004610    00000008                                 : copy_decompress_rle.obj (.text:decompress:rle24)
                  00004618    00000004     HL_sys_phantom.obj (.text:retain)
                  0000461c    00000004     rtsv7R4_A_be_v3D16_eabi.lib : i_div0.obj (.text)
                  00004620    00000004                                 : startup.obj (.text)

.const     0    00004640    000005c0     
                  00004640    000003a0     HL_het.obj (.const:het1PROGRAM)
                  000049e0    00000200     HL_sys_vim.obj (.const:s_vim_init)
                  00004be0    00000020     HL_het.obj (.const:s_het1pwmPolarity)

.cinit     0    00004c00    0000003c     
                  00004c00    00000012     (.cinit..data.load) [load image, compression = rle]
                  00004c12    00000006     --HOLE-- [fill = 0]
                  00004c18    00000009     (.cinit..bss.load) [load image, compression = rle]
                  00004c21    00000003     --HOLE-- [fill = 0]
                  00004c24    00000008     (__TI_handler_table)
                  00004c2c    00000010     (__TI_cinit_table)

.data      0    08001500    00000014     UNINITIALIZED
                  08001500    0000000c     rtsv7R4_A_be_v3D16_eabi.lib : exit.obj (.data:$O1$$)
                  0800150c    00000008                                 : _lock.obj (.data:$O1$$)

.bss       0    08001514    00000007     UNINITIALIZED
                  08001514    00000002     (.common:pwmDUTY)
                  08001516    00000001     (.common:counter1)
                  08001517    00000001     (.common:counter2)
                  08001518    00000001     (.common:giobDIR)
                  08001519    00000001     (.common:switchA)
                  0800151a    00000001     (.common:switchB)

MODULE SUMMARY

       Module                     code    ro data   rw data
       ------                     ----    -------   -------
    .\source\
       HL_sys_vim.obj             3204    512       0      
       HL_het.obj                 2296    960       0      
       HL_pinmux.obj              2496    0         0      
       HL_system.obj              2396    0         0      
       HL_esm.obj                 2364    0         0      
       HL_gio.obj                 1156    0         0      
       HL_sys_core.obj            952     0         0      
       HL_sys_mpu.obj             876     0         0      
       HL_sys_main.obj            508     0         7      
       HL_notification.obj        180     0         0      
       HL_sys_startup.obj         180     0         0      
       HL_sys_intvecs.obj         32      0         0      
       HL_sys_phantom.obj         4       0         0      
    +--+--------------------------+-------+---------+---------+
       Total:                     16644   1472      7      
                                                           
    C:\ti\ccsv6\tools\compiler\ti-cgt-arm_15.12.1.LTS\lib\rtsv7R4_A_be_v3D16_eabi.lib
       memcpy32.obj               384     0         0      
       memset32.obj               176     0         0      
       autoinit.obj               168     0         0      
       copy_decompress_rle.obj    164     0         0      
       exit.obj                   144     0         12     
       cpy_tbl.obj                132     0         0      
       u_div32.obj                80      0         0      
       _lock.obj                  36      0         8      
       copy_decompress_none.obj   20      0         0      
       i_div0.obj                 4       0         0      
       startup.obj                4       0         0      
    +--+--------------------------+-------+---------+---------+
       Total:                     1312    0         20     
                                                           
       Linker Generated:          0       51        0      
    +--+--------------------------+-------+---------+---------+
       Grand Total:               17956   1523      27     


LINKER GENERATED COPY TABLES

__TI_cinit_table @ 00004c2c records: 2, size/record: 8, table size: 16
	.data: load addr=00004c00, load size=00000012 bytes, run addr=08001500, run size=00000014 bytes, compression=rle
	.bss: load addr=00004c18, load size=00000009 bytes, run addr=08001514, run size=00000007 bytes, compression=rle


LINKER GENERATED HANDLER TABLE

__TI_handler_table @ 00004c24 records: 2, size/record: 4, table size: 8
	index: 0, handler: __TI_decompress_rle24
	index: 1, handler: __TI_decompress_none


GLOBAL SYMBOLS: SORTED ALPHABETICALLY BY Name 

address   name                                
-------   ----                                
00004474  C$$EXIT                             
UNDEFED   SHT$$INIT_ARRAY$$Base               
UNDEFED   SHT$$INIT_ARRAY$$Limit              
00004c2c  __TI_CINIT_Base                     
00004c3c  __TI_CINIT_Limit                    
00004c24  __TI_Handler_Table_Base             
00004c2c  __TI_Handler_Table_Limit            
00003564  __TI_PINIT_Base                     
00003568  __TI_PINIT_Limit                    
00004330  __TI_auto_init                      
08001500  __TI_cleanup_ptr                    
000045fc  __TI_decompress_none                
00004610  __TI_decompress_rle24               
08001504  __TI_dtors_ptr                      
08001508  __TI_enable_exit_profile_output     
ffffffff  __TI_pprof_out_hndl                 
ffffffff  __TI_prof_data_size                 
ffffffff  __TI_prof_data_start                
00000000  __TI_static_base__                  
0000461c  __aeabi_idiv0                       
00004280  __aeabi_memclr                      
00004280  __aeabi_memclr4                     
00004280  __aeabi_memclr8                     
00003e20  __aeabi_memcpy                      
00003e20  __aeabi_memcpy4                     
00003e20  __aeabi_memcpy8                     
00004284  __aeabi_memset                      
00004284  __aeabi_memset4                     
00004284  __aeabi_memset8                     
00004588  __aeabi_uidiv                       
00004588  __aeabi_uidivmod                    
ffffffff  __binit__                           
ffffffff  __c_args__                          
000041cc  _c_int00                            
00003518  _cacheDisable_                      
000034e0  _cacheEnable_                       
000034c0  _checkMemInitOn_                    
000033cc  _coreClearAuxiliaryDataFault_       
000033e0  _coreClearAuxiliaryInstructionFault_
000033a4  _coreClearDataFaultAddress_         
0000337c  _coreClearDataFault_                
000033b8  _coreClearInstructionFaultAddress_  
00003390  _coreClearInstructionFault_         
00003354  _coreDisableEventBusExport_         
00003344  _coreEnableEventBusExport_          
00003364  _coreEnableIrqVicOffset_            
0000332c  _coreEnableVfp_                     
000033c4  _coreGetAuxiliaryDataFault_         
000033d8  _coreGetAuxiliaryInstructionFault_  
0000339c  _coreGetDataFaultAddress_           
00003374  _coreGetDataFault_                  
000033b0  _coreGetInstructionFaultAddress_    
00003388  _coreGetInstructionFault_           
000031b4  _coreInitRegisters_                 
000032c0  _coreInitStackPointer_              
0000353c  _dCacheInvalidate_                  
000033ec  _disable_IRQ_interrupt_             
000033f4  _enable_IRQ_interrupt_              
000033fc  _enable_interrupt_                  
00003404  _esmCcmErrorsClear_                 
0000330c  _getCPSRValue_                      
00003314  _gotoCPUIdle_                       
00003550  _iCacheInvalidate_                  
0800150c  _lock                               
0000348c  _memInit_                           
00003880  _mpuAreRegionsSeparate_             
00003864  _mpuDisableBackgroundRegion_        
0000383c  _mpuDisable_                        
00003854  _mpuEnableBackgroundRegion_         
00003824  _mpuEnable_                         
00003874  _mpuGetNumberOfRegions_             
000038a4  _mpuGetRegionBaseAddress_           
000038c4  _mpuGetRegionPermission_            
000038b8  _mpuGetRegionType_                  
00003894  _mpuGetRegion_                      
0000356c  _mpuInit_                           
0000389c  _mpuSetRegionBaseAddress_           
000038d0  _mpuSetRegionSizeRegister_          
000038ac  _mpuSetRegionTypeAndPermission_     
0000388c  _mpuSetRegion_                      
000045f0  _nop                                
000045e4  _register_lock                      
000045d8  _register_unlock                    
00004620  _system_post_cinit                  
08001510  _unlock                             
0000447c  abort                               
ffffffff  binit                               
00002284  capGetSignal                        
00004504  copy_in                             
08001516  counter1                            
08001517  counter2                            
00004150  dmaGroupANotification               
00002244  edgeDisableNotification             
00002208  edgeEnableNotification              
000021dc  edgeGetCounter                      
00004190  edgeNotification                    
000021b0  edgeResetCounter                    
000041b8  epcCAMFullNotification              
000041bc  epcFIFOFullNotification             
00002784  esmActivateNormalOperation          
000028e0  esmClearStatus                      
00002954  esmClearStatusBuffer                
0000292c  esmClearStatusUpper                 
0000272c  esmDisableError                     
00002758  esmDisableErrorUpper                
000027dc  esmDisableInterrupt                 
00002808  esmDisableInterruptUpper            
000026e4  esmEnableError                      
00002710  esmEnableErrorUpper                 
00002794  esmEnableInterrupt                  
000027c0  esmEnableInterruptUpper             
00002a94  esmEnterSelfTest                    
000026c8  esmError                            
00002b6c  esmGetConfigValue                   
00002990  esmGetStatus                        
00002a6c  esmGetStatusBuffer                  
00002a1c  esmGetStatusUpper                   
00004118  esmGroup1Notification               
0000412c  esmGroup2Notification               
00004140  esmGroup3Notification               
00003fa0  esmHighInterrupt                    
0000256c  esmInit                             
00002b1c  esmSelfTestStatus                   
00002970  esmSetCounterPreloadValue           
00002824  esmSetInterruptLevel                
000028a0  esmSetInterruptLevelUpper           
00002774  esmTriggerErrorPinReset             
00004488  exit                                
00000d4c  getResetSource                      
00002f90  gioDisableNotification              
00002f28  gioEnableNotification               
00002e90  gioGetBit                           
00002ff8  gioGetConfigValue                   
00002eb8  gioGetPort                          
00002d30  gioInit                             
00004164  gioNotification                     
00002e20  gioSetBit                           
00002e00  gioSetDirection                     
00002e70  gioSetPort                          
00002ed0  gioToggleBit                        
08001518  giobDIR                             
00002390  het1GetConfigValue                  
00002378  hetGetTimestamp                     
00001c74  hetInit                             
000041a4  hetNotification                     
0000235c  hetResetTimestamp                   
00003c24  main                                
00000b7c  mapClocks                           
00003e20  memcpy                              
00004290  memset                              
00000020  muxInit                             
00000ac8  periphInit                          
00004618  phantomInterrupt                    
08001514  pwmDUTY                             
00002180  pwmDisableNotification              
00002138  pwmEnableNotification               
00002058  pwmGetSignal                        
00004178  pwmNotification                     
00001d9c  pwmSetDuty                          
00001edc  pwmSetSignal                        
00001d34  pwmStart                            
00001d68  pwmStop                             
00000000  resetEntry                          
00000a88  setupFlash                          
000009e0  setupPLL                            
08001519  switchA                             
0800151a  switchB                             
00000e74  systemGetConfigValue                
00000ca8  systemInit                          
00000d1c  systemPowerDown                     
00000a40  trimLPO                             
00001410  vimChannelMap                       
0000167c  vimDisableInterrupt                 
000038d8  vimECCErrorHandler                  
000014b4  vimEnableInterrupt                  
00001728  vimGetConfigValue                   
0000133c  vimInit                             


GLOBAL SYMBOLS: SORTED BY Symbol Address 

address   name                                
-------   ----                                
00000000  __TI_static_base__                  
00000000  resetEntry                          
00000020  muxInit                             
000009e0  setupPLL                            
00000a40  trimLPO                             
00000a88  setupFlash                          
00000ac8  periphInit                          
00000b7c  mapClocks                           
00000ca8  systemInit                          
00000d1c  systemPowerDown                     
00000d4c  getResetSource                      
00000e74  systemGetConfigValue                
0000133c  vimInit                             
00001410  vimChannelMap                       
000014b4  vimEnableInterrupt                  
0000167c  vimDisableInterrupt                 
00001728  vimGetConfigValue                   
00001c74  hetInit                             
00001d34  pwmStart                            
00001d68  pwmStop                             
00001d9c  pwmSetDuty                          
00001edc  pwmSetSignal                        
00002058  pwmGetSignal                        
00002138  pwmEnableNotification               
00002180  pwmDisableNotification              
000021b0  edgeResetCounter                    
000021dc  edgeGetCounter                      
00002208  edgeEnableNotification              
00002244  edgeDisableNotification             
00002284  capGetSignal                        
0000235c  hetResetTimestamp                   
00002378  hetGetTimestamp                     
00002390  het1GetConfigValue                  
0000256c  esmInit                             
000026c8  esmError                            
000026e4  esmEnableError                      
00002710  esmEnableErrorUpper                 
0000272c  esmDisableError                     
00002758  esmDisableErrorUpper                
00002774  esmTriggerErrorPinReset             
00002784  esmActivateNormalOperation          
00002794  esmEnableInterrupt                  
000027c0  esmEnableInterruptUpper             
000027dc  esmDisableInterrupt                 
00002808  esmDisableInterruptUpper            
00002824  esmSetInterruptLevel                
000028a0  esmSetInterruptLevelUpper           
000028e0  esmClearStatus                      
0000292c  esmClearStatusUpper                 
00002954  esmClearStatusBuffer                
00002970  esmSetCounterPreloadValue           
00002990  esmGetStatus                        
00002a1c  esmGetStatusUpper                   
00002a6c  esmGetStatusBuffer                  
00002a94  esmEnterSelfTest                    
00002b1c  esmSelfTestStatus                   
00002b6c  esmGetConfigValue                   
00002d30  gioInit                             
00002e00  gioSetDirection                     
00002e20  gioSetBit                           
00002e70  gioSetPort                          
00002e90  gioGetBit                           
00002eb8  gioGetPort                          
00002ed0  gioToggleBit                        
00002f28  gioEnableNotification               
00002f90  gioDisableNotification              
00002ff8  gioGetConfigValue                   
000031b4  _coreInitRegisters_                 
000032c0  _coreInitStackPointer_              
0000330c  _getCPSRValue_                      
00003314  _gotoCPUIdle_                       
0000332c  _coreEnableVfp_                     
00003344  _coreEnableEventBusExport_          
00003354  _coreDisableEventBusExport_         
00003364  _coreEnableIrqVicOffset_            
00003374  _coreGetDataFault_                  
0000337c  _coreClearDataFault_                
00003388  _coreGetInstructionFault_           
00003390  _coreClearInstructionFault_         
0000339c  _coreGetDataFaultAddress_           
000033a4  _coreClearDataFaultAddress_         
000033b0  _coreGetInstructionFaultAddress_    
000033b8  _coreClearInstructionFaultAddress_  
000033c4  _coreGetAuxiliaryDataFault_         
000033cc  _coreClearAuxiliaryDataFault_       
000033d8  _coreGetAuxiliaryInstructionFault_  
000033e0  _coreClearAuxiliaryInstructionFault_
000033ec  _disable_IRQ_interrupt_             
000033f4  _enable_IRQ_interrupt_              
000033fc  _enable_interrupt_                  
00003404  _esmCcmErrorsClear_                 
0000348c  _memInit_                           
000034c0  _checkMemInitOn_                    
000034e0  _cacheEnable_                       
00003518  _cacheDisable_                      
0000353c  _dCacheInvalidate_                  
00003550  _iCacheInvalidate_                  
00003564  __TI_PINIT_Base                     
00003568  __TI_PINIT_Limit                    
0000356c  _mpuInit_                           
00003824  _mpuEnable_                         
0000383c  _mpuDisable_                        
00003854  _mpuEnableBackgroundRegion_         
00003864  _mpuDisableBackgroundRegion_        
00003874  _mpuGetNumberOfRegions_             
00003880  _mpuAreRegionsSeparate_             
0000388c  _mpuSetRegion_                      
00003894  _mpuGetRegion_                      
0000389c  _mpuSetRegionBaseAddress_           
000038a4  _mpuGetRegionBaseAddress_           
000038ac  _mpuSetRegionTypeAndPermission_     
000038b8  _mpuGetRegionType_                  
000038c4  _mpuGetRegionPermission_            
000038d0  _mpuSetRegionSizeRegister_          
000038d8  vimECCErrorHandler                  
00003c24  main                                
00003e20  __aeabi_memcpy                      
00003e20  __aeabi_memcpy4                     
00003e20  __aeabi_memcpy8                     
00003e20  memcpy                              
00003fa0  esmHighInterrupt                    
00004118  esmGroup1Notification               
0000412c  esmGroup2Notification               
00004140  esmGroup3Notification               
00004150  dmaGroupANotification               
00004164  gioNotification                     
00004178  pwmNotification                     
00004190  edgeNotification                    
000041a4  hetNotification                     
000041b8  epcCAMFullNotification              
000041bc  epcFIFOFullNotification             
000041cc  _c_int00                            
00004280  __aeabi_memclr                      
00004280  __aeabi_memclr4                     
00004280  __aeabi_memclr8                     
00004284  __aeabi_memset                      
00004284  __aeabi_memset4                     
00004284  __aeabi_memset8                     
00004290  memset                              
00004330  __TI_auto_init                      
00004474  C$$EXIT                             
0000447c  abort                               
00004488  exit                                
00004504  copy_in                             
00004588  __aeabi_uidiv                       
00004588  __aeabi_uidivmod                    
000045d8  _register_unlock                    
000045e4  _register_lock                      
000045f0  _nop                                
000045fc  __TI_decompress_none                
00004610  __TI_decompress_rle24               
00004618  phantomInterrupt                    
0000461c  __aeabi_idiv0                       
00004620  _system_post_cinit                  
00004c24  __TI_Handler_Table_Base             
00004c2c  __TI_CINIT_Base                     
00004c2c  __TI_Handler_Table_Limit            
00004c3c  __TI_CINIT_Limit                    
08001500  __TI_cleanup_ptr                    
08001504  __TI_dtors_ptr                      
08001508  __TI_enable_exit_profile_output     
0800150c  _lock                               
08001510  _unlock                             
08001514  pwmDUTY                             
08001516  counter1                            
08001517  counter2                            
08001518  giobDIR                             
08001519  switchA                             
0800151a  switchB                             
ffffffff  __TI_pprof_out_hndl                 
ffffffff  __TI_prof_data_size                 
ffffffff  __TI_prof_data_start                
ffffffff  __binit__                           
ffffffff  __c_args__                          
ffffffff  binit                               
UNDEFED   SHT$$INIT_ARRAY$$Base               
UNDEFED   SHT$$INIT_ARRAY$$Limit              

[177 symbols]
