******************************************************************************
                  TI ARM Linker PC v15.12.1                    
******************************************************************************
>> Linked Sun Dec 11 15:42:31 2016

OUTPUT FILE NAME:   <RTI_HET_TOGGLE.out>
ENTRY POINT SYMBOL: "_c_int00"  address: 00003d6c


MEMORY CONFIGURATION

         name            origin    length      used     unused   attr    fill
----------------------  --------  ---------  --------  --------  ----  --------
  VECTORS               00000000   00000020  00000020  00000000     X
  FLASH0                00000020   001fffe0  000044b8  001fbb28  R  X
  FLASH1                00200000   00200000  00000000  00200000  R  X
  STACKS                08000000   00001500  00000000  00001500  RW  
  RAM                   08001500   0007eb00  00000014  0007eaec  RW  


SEGMENT ALLOCATION MAP

run origin  load origin   length   init length attrs members
----------  ----------- ---------- ----------- ----- -------
00000000    00000000    000044dc   000044dc    r-x
  00000000    00000000    00000020   00000020    r-x .intvecs
  00000020    00000020    00004294   00004294    r-x .text
  000042b8    000042b8    00000200   00000200    r-- .const
  000044b8    000044b8    00000024   00000024    r-- .cinit
08001500    08001500    00000014   00000000    rw-
  08001500    08001500    00000014   00000000    rw- .data


SECTION ALLOCATION MAP

 output                                  attributes/
section   page    origin      length       input sections
--------  ----  ----------  ----------   ----------------
.intvecs   0    00000000    00000020     
                  00000000    00000020     HL_sys_intvecs.obj (.intvecs)

.text      0    00000020    00004294     
                  00000020    000009c0     HL_pinmux.obj (.text)
                  000009e0    00000980     HL_system.obj (.text)
                  00001360    00000938     HL_sys_vim.obj (.text)
                  00001c98    000007c4     HL_esm.obj (.text)
                  0000245c    0000069c     HL_rti.obj (.text)
                  00002af8    00000484     HL_gio.obj (.text)
                  00002f7c    00000418     HL_sys_core.obj (.text)
                  00003394    00000394     HL_sys_mpu.obj (.text)
                  00003728    0000034c     HL_sys_vim.obj (.text:retain)
                  00003a74    00000180     rtsv7R4_A_be_v3D16_eabi.lib : memcpy32.obj (.text)
                  00003bf4    00000178     HL_esm.obj (.text:retain)
                  00003d6c    000000bc     HL_sys_startup.obj (.text:retain)
                  00003e28    000000b0     rtsv7R4_A_be_v3D16_eabi.lib : memset32.obj (.text)
                  00003ed8    000000a8                                 : autoinit.obj (.text)
                  00003f80    0000009c                                 : copy_decompress_rle.obj (.text)
                  0000401c    00000090                                 : exit.obj (.text)
                  000040ac    00000088     HL_notification.obj (.text)
                  00004134    00000084     rtsv7R4_A_be_v3D16_eabi.lib : cpy_tbl.obj (.text)
                  000041b8    00000060     HL_sys_main.obj (.text)
                  00004218    00000054     HL_rti.obj (.text:retain)
                  0000426c    00000024     rtsv7R4_A_be_v3D16_eabi.lib : _lock.obj (.text)
                  00004290    00000014                                 : copy_decompress_none.obj (.text:decompress:none)
                  000042a4    00000008                                 : copy_decompress_rle.obj (.text:decompress:rle24)
                  000042ac    00000004     HL_sys_phantom.obj (.text:retain)
                  000042b0    00000004     rtsv7R4_A_be_v3D16_eabi.lib : startup.obj (.text)

.const     0    000042b8    00000200     
                  000042b8    00000200     HL_sys_vim.obj (.const:s_vim_init)

.cinit     0    000044b8    00000024     
                  000044b8    00000012     (.cinit..data.load) [load image, compression = rle]
                  000044ca    00000002     --HOLE-- [fill = 0]
                  000044cc    00000008     (__TI_handler_table)
                  000044d4    00000008     (__TI_cinit_table)

.data      0    08001500    00000014     UNINITIALIZED
                  08001500    0000000c     rtsv7R4_A_be_v3D16_eabi.lib : exit.obj (.data:$O1$$)
                  0800150c    00000008                                 : _lock.obj (.data:$O1$$)

MODULE SUMMARY

       Module                     code    ro data   rw data
       ------                     ----    -------   -------
    .\source\
       HL_sys_vim.obj             3204    512       0      
       HL_pinmux.obj              2496    0         0      
       HL_system.obj              2432    0         0      
       HL_esm.obj                 2364    0         0      
       HL_rti.obj                 1776    0         0      
       HL_gio.obj                 1156    0         0      
       HL_sys_core.obj            1048    0         0      
       HL_sys_mpu.obj             916     0         0      
       HL_sys_startup.obj         188     0         0      
       HL_notification.obj        136     0         0      
       HL_sys_main.obj            96      0         0      
       HL_sys_intvecs.obj         32      0         0      
       HL_sys_phantom.obj         4       0         0      
    +--+--------------------------+-------+---------+---------+
       Total:                     15848   512       0      
                                                           
    C:\ti\ccsv6\tools\compiler\ti-cgt-arm_15.12.1.LTS\lib\rtsv7R4_A_be_v3D16_eabi.lib
       memcpy32.obj               384     0         0      
       memset32.obj               176     0         0      
       autoinit.obj               168     0         0      
       copy_decompress_rle.obj    164     0         0      
       exit.obj                   144     0         12     
       cpy_tbl.obj                132     0         0      
       _lock.obj                  36      0         8      
       copy_decompress_none.obj   20      0         0      
       startup.obj                4       0         0      
    +--+--------------------------+-------+---------+---------+
       Total:                     1228    0         20     
                                                           
       Linker Generated:          0       34        0      
    +--+--------------------------+-------+---------+---------+
       Grand Total:               17076   546       20     


LINKER GENERATED COPY TABLES

__TI_cinit_table @ 000044d4 records: 1, size/record: 8, table size: 8
	.data: load addr=000044b8, load size=00000012 bytes, run addr=08001500, run size=00000014 bytes, compression=rle


LINKER GENERATED HANDLER TABLE

__TI_handler_table @ 000044cc records: 2, size/record: 4, table size: 8
	index: 0, handler: __TI_decompress_rle24
	index: 1, handler: __TI_decompress_none


GLOBAL SYMBOLS: SORTED ALPHABETICALLY BY Name 

address   name                                
-------   ----                                
0000401c  C$$EXIT                             
00002828  IsdwdKeySequenceCorrect             
UNDEFED   SHT$$INIT_ARRAY$$Base               
UNDEFED   SHT$$INIT_ARRAY$$Limit              
000044d4  __TI_CINIT_Base                     
000044dc  __TI_CINIT_Limit                    
000044cc  __TI_Handler_Table_Base             
000044d4  __TI_Handler_Table_Limit            
0000338c  __TI_PINIT_Base                     
00003390  __TI_PINIT_Limit                    
00003ed8  __TI_auto_init                      
08001500  __TI_cleanup_ptr                    
00004290  __TI_decompress_none                
000042a4  __TI_decompress_rle24               
08001504  __TI_dtors_ptr                      
08001508  __TI_enable_exit_profile_output     
ffffffff  __TI_pprof_out_hndl                 
ffffffff  __TI_prof_data_size                 
ffffffff  __TI_prof_data_start                
00000000  __TI_static_base__                  
00003e28  __aeabi_memclr                      
00003e28  __aeabi_memclr4                     
00003e28  __aeabi_memclr8                     
00003a74  __aeabi_memcpy                      
00003a74  __aeabi_memcpy4                     
00003a74  __aeabi_memcpy8                     
00003e2c  __aeabi_memset                      
00003e2c  __aeabi_memset4                     
00003e2c  __aeabi_memset8                     
ffffffff  __binit__                           
ffffffff  __c_args__                          
00003d6c  _c_int00                            
00003330  _cacheDisable_                      
000032f8  _cacheEnable_                       
000032d8  _checkMemInitOn_                    
000031d4  _coreClearAuxiliaryDataFault_       
000031f0  _coreClearAuxiliaryInstructionFault_
0000319c  _coreClearDataFaultAddress_         
00003164  _coreClearDataFault_                
000031b8  _coreClearInstructionFaultAddress_  
00003180  _coreClearInstructionFault_         
0000312c  _coreDisableEventBusExport_         
00003114  _coreEnableEventBusExport_          
00003144  _coreEnableIrqVicOffset_            
000030f4  _coreEnableVfp_                     
000031cc  _coreGetAuxiliaryDataFault_         
000031e8  _coreGetAuxiliaryInstructionFault_  
00003194  _coreGetDataFaultAddress_           
0000315c  _coreGetDataFault_                  
000031b0  _coreGetInstructionFaultAddress_    
00003178  _coreGetInstructionFault_           
00002f7c  _coreInitRegisters_                 
00003088  _coreInitStackPointer_              
00003354  _dCacheInvalidate_                  
00003204  _disable_IRQ_interrupt_             
0000320c  _enable_IRQ_interrupt_              
00003214  _enable_interrupt_                  
0000321c  _esmCcmErrorsClear_                 
000030d4  _getCPSRValue_                      
000030dc  _gotoCPUIdle_                       
00003370  _iCacheInvalidate_                  
0800150c  _lock                               
000032a4  _memInit_                           
000036d0  _mpuAreRegionsSeparate_             
000036ac  _mpuDisableBackgroundRegion_        
00003674  _mpuDisable_                        
00003694  _mpuEnableBackgroundRegion_         
00003654  _mpuEnable_                         
000036c4  _mpuGetNumberOfRegions_             
000036f4  _mpuGetRegionBaseAddress_           
00003714  _mpuGetRegionPermission_            
00003708  _mpuGetRegionType_                  
000036e4  _mpuGetRegion_                      
00003394  _mpuInit_                           
000036ec  _mpuSetRegionBaseAddress_           
00003720  _mpuSetRegionSizeRegister_          
000036fc  _mpuSetRegionTypeAndPermission_     
000036dc  _mpuSetRegion_                      
00004284  _nop                                
00004278  _register_lock                      
0000426c  _register_unlock                    
000042b0  _system_post_cinit                  
08001510  _unlock                             
00004024  abort                               
ffffffff  binit                               
00004134  copy_in                             
000040e4  dmaGroupANotification               
00002898  dwdClearFlag                        
0000279c  dwdCounterEnable                    
00002800  dwdGenerateSysReset                 
00002860  dwdGetStatus                        
000028b4  dwdGetViolationStatus               
0000270c  dwdInit                             
000027d8  dwdReset                            
000027b8  dwdSetPreload                       
00002784  dwwdGetCurrentDownCounter           
00002738  dwwdInit                            
00004120  epcCAMFullNotification              
00004124  epcFIFOFullNotification             
00001eb0  esmActivateNormalOperation          
0000200c  esmClearStatus                      
00002080  esmClearStatusBuffer                
00002058  esmClearStatusUpper                 
00001e58  esmDisableError                     
00001e84  esmDisableErrorUpper                
00001f08  esmDisableInterrupt                 
00001f34  esmDisableInterruptUpper            
00001e10  esmEnableError                      
00001e3c  esmEnableErrorUpper                 
00001ec0  esmEnableInterrupt                  
00001eec  esmEnableInterruptUpper             
000021c0  esmEnterSelfTest                    
00001df4  esmError                            
00002298  esmGetConfigValue                   
000020bc  esmGetStatus                        
00002198  esmGetStatusBuffer                  
00002148  esmGetStatusUpper                   
000040ac  esmGroup1Notification               
000040c0  esmGroup2Notification               
000040d4  esmGroup3Notification               
00003bf4  esmHighInterrupt                    
00001c98  esmInit                             
00002248  esmSelfTestStatus                   
0000209c  esmSetCounterPreloadValue           
00001f50  esmSetInterruptLevel                
00001fcc  esmSetInterruptLevelUpper           
00001ea0  esmTriggerErrorPinReset             
00004030  exit                                
00000d4c  getResetSource                      
00002d58  gioDisableNotification              
00002cf0  gioEnableNotification               
00002c58  gioGetBit                           
00002dc0  gioGetConfigValue                   
00002c80  gioGetPort                          
00002af8  gioInit                             
0000410c  gioNotification                     
00002be8  gioSetBit                           
00002bc8  gioSetDirection                     
00002c38  gioSetPort                          
00002c98  gioToggleBit                        
000041b8  main                                
00000b7c  mapClocks                           
00003a74  memcpy                              
00003e38  memset                              
00000020  muxInit                             
00000ac8  periphInit                          
000042ac  phantomInterrupt                    
00000000  resetEntry                          
00004218  rtiCompare0Interrupt                
0000296c  rtiDisableNotification              
00002940  rtiEnableNotification               
0000298c  rtiGetConfigValue                   
00002674  rtiGetCurrentTick                   
00002648  rtiGetPeriod                        
0000245c  rtiInit                             
000041ec  rtiNotification                     
000025b0  rtiResetCounter                     
0000261c  rtiSetPeriod                        
00002550  rtiStartCounter                     
00002580  rtiStopCounter                      
00000a88  setupFlash                          
000009e0  setupPLL                            
00000e98  systemGetConfigValue                
00000ca8  systemInit                          
00000d1c  systemPowerDown                     
00000a40  trimLPO                             
00001434  vimChannelMap                       
000016a0  vimDisableInterrupt                 
00003728  vimECCErrorHandler                  
000014d8  vimEnableInterrupt                  
0000174c  vimGetConfigValue                   
00001360  vimInit                             


GLOBAL SYMBOLS: SORTED BY Symbol Address 

address   name                                
-------   ----                                
00000000  __TI_static_base__                  
00000000  resetEntry                          
00000020  muxInit                             
000009e0  setupPLL                            
00000a40  trimLPO                             
00000a88  setupFlash                          
00000ac8  periphInit                          
00000b7c  mapClocks                           
00000ca8  systemInit                          
00000d1c  systemPowerDown                     
00000d4c  getResetSource                      
00000e98  systemGetConfigValue                
00001360  vimInit                             
00001434  vimChannelMap                       
000014d8  vimEnableInterrupt                  
000016a0  vimDisableInterrupt                 
0000174c  vimGetConfigValue                   
00001c98  esmInit                             
00001df4  esmError                            
00001e10  esmEnableError                      
00001e3c  esmEnableErrorUpper                 
00001e58  esmDisableError                     
00001e84  esmDisableErrorUpper                
00001ea0  esmTriggerErrorPinReset             
00001eb0  esmActivateNormalOperation          
00001ec0  esmEnableInterrupt                  
00001eec  esmEnableInterruptUpper             
00001f08  esmDisableInterrupt                 
00001f34  esmDisableInterruptUpper            
00001f50  esmSetInterruptLevel                
00001fcc  esmSetInterruptLevelUpper           
0000200c  esmClearStatus                      
00002058  esmClearStatusUpper                 
00002080  esmClearStatusBuffer                
0000209c  esmSetCounterPreloadValue           
000020bc  esmGetStatus                        
00002148  esmGetStatusUpper                   
00002198  esmGetStatusBuffer                  
000021c0  esmEnterSelfTest                    
00002248  esmSelfTestStatus                   
00002298  esmGetConfigValue                   
0000245c  rtiInit                             
00002550  rtiStartCounter                     
00002580  rtiStopCounter                      
000025b0  rtiResetCounter                     
0000261c  rtiSetPeriod                        
00002648  rtiGetPeriod                        
00002674  rtiGetCurrentTick                   
0000270c  dwdInit                             
00002738  dwwdInit                            
00002784  dwwdGetCurrentDownCounter           
0000279c  dwdCounterEnable                    
000027b8  dwdSetPreload                       
000027d8  dwdReset                            
00002800  dwdGenerateSysReset                 
00002828  IsdwdKeySequenceCorrect             
00002860  dwdGetStatus                        
00002898  dwdClearFlag                        
000028b4  dwdGetViolationStatus               
00002940  rtiEnableNotification               
0000296c  rtiDisableNotification              
0000298c  rtiGetConfigValue                   
00002af8  gioInit                             
00002bc8  gioSetDirection                     
00002be8  gioSetBit                           
00002c38  gioSetPort                          
00002c58  gioGetBit                           
00002c80  gioGetPort                          
00002c98  gioToggleBit                        
00002cf0  gioEnableNotification               
00002d58  gioDisableNotification              
00002dc0  gioGetConfigValue                   
00002f7c  _coreInitRegisters_                 
00003088  _coreInitStackPointer_              
000030d4  _getCPSRValue_                      
000030dc  _gotoCPUIdle_                       
000030f4  _coreEnableVfp_                     
00003114  _coreEnableEventBusExport_          
0000312c  _coreDisableEventBusExport_         
00003144  _coreEnableIrqVicOffset_            
0000315c  _coreGetDataFault_                  
00003164  _coreClearDataFault_                
00003178  _coreGetInstructionFault_           
00003180  _coreClearInstructionFault_         
00003194  _coreGetDataFaultAddress_           
0000319c  _coreClearDataFaultAddress_         
000031b0  _coreGetInstructionFaultAddress_    
000031b8  _coreClearInstructionFaultAddress_  
000031cc  _coreGetAuxiliaryDataFault_         
000031d4  _coreClearAuxiliaryDataFault_       
000031e8  _coreGetAuxiliaryInstructionFault_  
000031f0  _coreClearAuxiliaryInstructionFault_
00003204  _disable_IRQ_interrupt_             
0000320c  _enable_IRQ_interrupt_              
00003214  _enable_interrupt_                  
0000321c  _esmCcmErrorsClear_                 
000032a4  _memInit_                           
000032d8  _checkMemInitOn_                    
000032f8  _cacheEnable_                       
00003330  _cacheDisable_                      
00003354  _dCacheInvalidate_                  
00003370  _iCacheInvalidate_                  
0000338c  __TI_PINIT_Base                     
00003390  __TI_PINIT_Limit                    
00003394  _mpuInit_                           
00003654  _mpuEnable_                         
00003674  _mpuDisable_                        
00003694  _mpuEnableBackgroundRegion_         
000036ac  _mpuDisableBackgroundRegion_        
000036c4  _mpuGetNumberOfRegions_             
000036d0  _mpuAreRegionsSeparate_             
000036dc  _mpuSetRegion_                      
000036e4  _mpuGetRegion_                      
000036ec  _mpuSetRegionBaseAddress_           
000036f4  _mpuGetRegionBaseAddress_           
000036fc  _mpuSetRegionTypeAndPermission_     
00003708  _mpuGetRegionType_                  
00003714  _mpuGetRegionPermission_            
00003720  _mpuSetRegionSizeRegister_          
00003728  vimECCErrorHandler                  
00003a74  __aeabi_memcpy                      
00003a74  __aeabi_memcpy4                     
00003a74  __aeabi_memcpy8                     
00003a74  memcpy                              
00003bf4  esmHighInterrupt                    
00003d6c  _c_int00                            
00003e28  __aeabi_memclr                      
00003e28  __aeabi_memclr4                     
00003e28  __aeabi_memclr8                     
00003e2c  __aeabi_memset                      
00003e2c  __aeabi_memset4                     
00003e2c  __aeabi_memset8                     
00003e38  memset                              
00003ed8  __TI_auto_init                      
0000401c  C$$EXIT                             
00004024  abort                               
00004030  exit                                
000040ac  esmGroup1Notification               
000040c0  esmGroup2Notification               
000040d4  esmGroup3Notification               
000040e4  dmaGroupANotification               
0000410c  gioNotification                     
00004120  epcCAMFullNotification              
00004124  epcFIFOFullNotification             
00004134  copy_in                             
000041b8  main                                
000041ec  rtiNotification                     
00004218  rtiCompare0Interrupt                
0000426c  _register_unlock                    
00004278  _register_lock                      
00004284  _nop                                
00004290  __TI_decompress_none                
000042a4  __TI_decompress_rle24               
000042ac  phantomInterrupt                    
000042b0  _system_post_cinit                  
000044cc  __TI_Handler_Table_Base             
000044d4  __TI_CINIT_Base                     
000044d4  __TI_Handler_Table_Limit            
000044dc  __TI_CINIT_Limit                    
08001500  __TI_cleanup_ptr                    
08001504  __TI_dtors_ptr                      
08001508  __TI_enable_exit_profile_output     
0800150c  _lock                               
08001510  _unlock                             
ffffffff  __TI_pprof_out_hndl                 
ffffffff  __TI_prof_data_size                 
ffffffff  __TI_prof_data_start                
ffffffff  __binit__                           
ffffffff  __c_args__                          
ffffffff  binit                               
UNDEFED   SHT$$INIT_ARRAY$$Base               
UNDEFED   SHT$$INIT_ARRAY$$Limit              

[172 symbols]
